Component: ARM Compiler 5.06 update 7 (build 960) Tool: armlink [4d3601]

==============================================================================

Section Cross References

    main.o(i.TaskHandle_KEY_Scan) refers to tasks.o(i.xTaskGetTickCount) for xTaskGetTickCount
    main.o(i.TaskHandle_KEY_Scan) refers to tasks.o(i.vTaskDelay) for vTaskDelay
    main.o(i.TaskHandle_KEY_Scan) refers to key.o(i.KEY_Scan) for KEY_Scan
    main.o(i.TaskHandle_KEY_Scan) refers to oledmenu.o(.data) for table
    main.o(i.TaskHandle_OLED) refers to tasks.o(i.xTaskGetTickCount) for xTaskGetTickCount
    main.o(i.TaskHandle_OLED) refers to tasks.o(i.vTaskDelay) for vTaskDelay
    main.o(i.TaskHandle_OLED) refers to oledmenu.o(.data) for table
    main.o(i.TaskHandle_START) refers to port.o(i.vPortEnterCritical) for vPortEnterCritical
    main.o(i.TaskHandle_START) refers to tasks.o(i.xTaskCreate) for xTaskCreate
    main.o(i.TaskHandle_START) refers to tasks.o(i.vTaskDelete) for vTaskDelete
    main.o(i.TaskHandle_START) refers to port.o(i.vPortExitCritical) for vPortExitCritical
    main.o(i.TaskHandle_START) refers to main.o(i.TaskHandle_OLED) for TaskHandle_OLED
    main.o(i.TaskHandle_START) refers to main.o(i.TaskHandle_SensorData) for TaskHandle_SensorData
    main.o(i.TaskHandle_START) refers to main.o(i.TaskHandle_KEY_Scan) for TaskHandle_KEY_Scan
    main.o(i.TaskHandle_START) refers to main.o(i.TaskHandle_WIFI) for TaskHandle_WIFI
    main.o(i.TaskHandle_START) refers to main.o(.data) for StartTask_Handler
    main.o(i.TaskHandle_SensorData) refers to adcdma.o(i.ADC_DMA_Init) for ADC_DMA_Init
    main.o(i.TaskHandle_SensorData) refers to tasks.o(i.xTaskGetTickCount) for xTaskGetTickCount
    main.o(i.TaskHandle_SensorData) refers to tasks.o(i.vTaskDelayUntil) for vTaskDelayUntil
    main.o(i.TaskHandle_SensorData) refers to port.o(i.vPortEnterCritical) for vPortEnterCritical
    main.o(i.TaskHandle_SensorData) refers to dht11.o(i.DHT_ReadData) for DHT_ReadData
    main.o(i.TaskHandle_SensorData) refers to port.o(i.vPortExitCritical) for vPortExitCritical
    main.o(i.TaskHandle_SensorData) refers to pwm.o(i.LED_Toggri) for LED_Toggri
    main.o(i.TaskHandle_SensorData) refers to pwm.o(i.FS_Controller) for FS_Controller
    main.o(i.TaskHandle_SensorData) refers to adcdma.o(i.DMA_Value) for DMA_Value
    main.o(i.TaskHandle_SensorData) refers to dht11.o(.bss) for dht11_data
    main.o(i.TaskHandle_WIFI) refers to tasks.o(i.xTaskGetTickCount) for xTaskGetTickCount
    main.o(i.TaskHandle_WIFI) refers to tasks.o(i.vTaskDelayUntil) for vTaskDelayUntil
    main.o(i.TaskHandle_WIFI) refers to ringbuffer.o(i.RingBuffer_GetLength) for RingBuffer_GetLength
    main.o(i.TaskHandle_WIFI) refers to ringbuffer.o(i.RingBuffer_Read_Data) for RingBuffer_Read_Data
    main.o(i.TaskHandle_WIFI) refers to strstr.o(.text) for strstr
    main.o(i.TaskHandle_WIFI) refers to esp8266.o(i.TCP_SendData) for TCP_SendData
    main.o(i.TaskHandle_WIFI) refers to esp8266.o(.bss) for ringbuffer
    main.o(i.TaskHandle_WIFI) refers to pwm.o(.data) for fs_power
    main.o(i.TaskHandle_WIFI) refers to dht11.o(.bss) for dht11_data
    main.o(i.TaskHandle_WIFI) refers to adcdma.o(.data) for light
    main.o(i.TaskHandle_WIFI) refers to main.o(.data) for Hum_yuzhi
    main.o(i.main) refers to misc.o(i.NVIC_PriorityGroupConfig) for NVIC_PriorityGroupConfig
    main.o(i.main) refers to led.o(i.LED_Init) for LED_Init
    main.o(i.main) refers to beep.o(i.BEEP_Init) for BEEP_Init
    main.o(i.main) refers to key.o(i.KEY_Init) for KEY_Init
    main.o(i.main) refers to exti.o(i.EXTI_KEY_Init) for EXTI_KEY_Init
    main.o(i.main) refers to usart1.o(i.USART1_Init) for USART1_Init
    main.o(i.main) refers to timer.o(i.TIMER_Init) for TIMER_Init
    main.o(i.main) refers to pwm.o(i.PWM_Init) for PWM_Init
    main.o(i.main) refers to adc.o(i.ADCx_Init) for ADCx_Init
    main.o(i.main) refers to light.o(i.ADC_Light_Init) for ADC_Light_Init
    main.o(i.main) refers to delay.o(i.TIM7_Init) for TIM7_Init
    main.o(i.main) refers to iic.o(i.MyIIC_Init) for MyIIC_Init
    main.o(i.main) refers to oled.o(i.OLED_Init) for OLED_Init
    main.o(i.main) refers to w25q.o(i.W25Q_Init) for W25Q_Init
    main.o(i.main) refers to pwm.o(i.PWM_Fs_Init) for PWM_Fs_Init
    main.o(i.main) refers to dht11.o(i.DHT11_Init) for DHT11_Init
    main.o(i.main) refers to esp8266.o(i.USART2_Init) for USART2_Init
    main.o(i.main) refers to queue.o(i.xQueueGenericCreate) for xQueueGenericCreate
    main.o(i.main) refers to printfa.o(i.__0printf) for __2printf
    main.o(i.main) refers to w25q.o(i.Read_Data) for Read_Data
    main.o(i.main) refers to tasks.o(i.xTaskCreate) for xTaskCreate
    main.o(i.main) refers to tasks.o(i.vTaskStartScheduler) for vTaskStartScheduler
    main.o(i.main) refers to main.o(.data) for xSemaphore
    main.o(i.main) refers to main.o(i.TaskHandle_START) for TaskHandle_START
[...]
    i.TIM7_Init                              0x0800247c   Section        0  delay.o(i.TIM7_Init)
    i.TIMER_Init                             0x080024b8   Section        0  timer.o(i.TIMER_Init)
    i.TIM_ClearFlag                          0x0800252a   Section        0  stm32f4xx_tim.o(i.TIM_ClearFlag)
    i.TIM_ClearITPendingBit                  0x08002530   Section        0  stm32f4xx_tim.o(i.TIM_ClearITPendingBit)
    i.TIM_Cmd                                0x08002536   Section        0  stm32f4xx_tim.o(i.TIM_Cmd)
    i.TIM_CtrlPWMOutputs                     0x0800254e   Section        0  stm32f4xx_tim.o(i.TIM_CtrlPWMOutputs)
    i.TIM_GetITStatus                        0x0800256c   Section        0  stm32f4xx_tim.o(i.TIM_GetITStatus)
    i.TIM_ITConfig                           0x0800258e   Section        0  stm32f4xx_tim.o(i.TIM_ITConfig)
    i.TIM_InternalClockConfig                0x080025a0   Section        0  stm32f4xx_tim.o(i.TIM_InternalClockConfig)
    i.TIM_OC1Init                            0x080025ac   Section        0  stm32f4xx_tim.o(i.TIM_OC1Init)
    i.TIM_OC2Init                            0x08002628   Section        0  stm32f4xx_tim.o(i.TIM_OC2Init)
    i.TIM_SetCompare1                        0x080026cc   Section        0  stm32f4xx_tim.o(i.TIM_SetCompare1)
    i.TIM_SetCompare2                        0x080026d0   Section        0  stm32f4xx_tim.o(i.TIM_SetCompare2)
    i.TIM_TimeBaseInit                       0x080026d4   Section        0  stm32f4xx_tim.o(i.TIM_TimeBaseInit)
    i.TaskHandle_KEY_Scan                    0x08002758   Section        0  main.o(i.TaskHandle_KEY_Scan)
    i.TaskHandle_OLED                        0x08002878   Section        0  main.o(i.TaskHandle_OLED)
    i.TaskHandle_START                       0x080028a8   Section        0  main.o(i.TaskHandle_START)
    i.TaskHandle_SensorData                  0x08002968   Section        0  main.o(i.TaskHandle_SensorData)
    i.TaskHandle_WIFI                        0x080029a0   Section        0  main.o(i.TaskHandle_WIFI)
    i.USART1_IRQHandler                      0x08002ac8   Section        0  usart1.o(i.USART1_IRQHandler)
    i.USART1_Init                            0x08002afc   Section        0  usart1.o(i.USART1_Init)
    i.USART2_IRQHandler                      0x08002b9c   Section        0  esp8266.o(i.USART2_IRQHandler)
    i.USART2_Init                            0x08002c78   Section        0  esp8266.o(i.USART2_Init)
    i.USART2_SendData                        0x08002d2c   Section        0  esp8266.o(i.USART2_SendData)
    i.USART_ClearITPendingBit                0x08002d58   Section        0  stm32f4xx_usart.o(i.USART_ClearITPendingBit)
    i.USART_Cmd                              0x08002d76   Section        0  stm32f4xx_usart.o(i.USART_Cmd)
    i.USART_GetITStatus                      0x08002d8e   Section        0  stm32f4xx_usart.o(i.USART_GetITStatus)
    i.USART_ITConfig                         0x08002de2   Section        0  stm32f4xx_usart.o(i.USART_ITConfig)
    i.USART_Init                             0x08002e2c   Section        0  stm32f4xx_usart.o(i.USART_Init)
    i.USART_ReceiveData                      0x08002f00   Section        0  stm32f4xx_usart.o(i.USART_ReceiveData)
    i.USART_SendData                         0x08002f0a   Section        0  stm32f4xx_usart.o(i.USART_SendData)
    i.UsageFault_Handler                     0x08002f12   Section        0  stm32f4xx_it.o(i.UsageFault_Handler)
    i.W25Q_Init                              0x08002f16   Section        0  w25q.o(i.W25Q_Init)
    i.WIFI_SendData                          0x08002f1e   Section        0  esp8266.o(i.WIFI_SendData)
    i.Wait_BusyStatus                        0x08002f3c   Section        0  w25q.o(i.Wait_BusyStatus)
    i.Wait_OK                                0x08002f58   Section        0  esp8266.o(i.Wait_OK)
    i.Wait_SEND_OK                           0x08002f88   Section        0  esp8266.o(i.Wait_SEND_OK)
    i.Write_Enable                           0x08002fb8   Section        0  w25q.o(i.Write_Enable)
    i.__0printf                              0x08002fcc   Section        0  printfa.o(i.__0printf)
    i.__0sprintf                             0x08002fec   Section        0  printfa.o(i.__0sprintf)
    i.__scatterload_copy                     0x08003014   Section       14  handlers.o(i.__scatterload_copy)
    i.__scatterload_null                     0x08003022   Section        2  handlers.o(i.__scatterload_null)
    i.__scatterload_zeroinit                 0x08003024   Section       14  handlers.o(i.__scatterload_zeroinit)
    i._fp_digits                             0x08003034   Section        0  printfa.o(i._fp_digits)
    _fp_digits                               0x08003035   Thumb Code   366  printfa.o(i._fp_digits)
    i._printf_core                           0x080031b8   Section        0  printfa.o(i._printf_core)
    _printf_core                             0x080031b9   Thumb Code  1704  printfa.o(i._printf_core)
    i._printf_post_padding                   0x0800386c   Section        0  printfa.o(i._printf_post_padding)
    _printf_post_padding                     0x0800386d   Thumb Code    36  printfa.o(i._printf_post_padding)
    i._printf_pre_padding                    0x08003890   Section        0  printfa.o(i._printf_pre_padding)
    _printf_pre_padding                      0x08003891   Thumb Code    46  printfa.o(i._printf_pre_padding)
    i._sputc                                 0x080038be   Section        0  printfa.o(i._sputc)
    _sputc                                   0x080038bf   Thumb Code    10  printfa.o(i._sputc)
    i.delay_ms                               0x080038c8   Section        0  delay.o(i.delay_ms)
    i.delay_us                               0x080038e0   Section        0  delay.o(i.delay_us)
    i.fputc                                  0x08003914   Section        0  usart1.o(i.fputc)
    i.fun0                                   0x08003930   Section        0  oledmenu.o(i.fun0)
    i.fun1                                   0x08003974   Section        0  oledmenu.o(i.fun1)
    i.fun10                                  0x08003980   Section        0  oledmenu.o(i.fun10)
    i.fun11                                  0x08003a64   Section        0  oledmenu.o(i.fun11)
    i.fun12                                  0x08003b7c   Section        0  oledmenu.o(i.fun12)
    i.fun13                                  0x08003c48   Section        0  oledmenu.o(i.fun13)
    i.fun14                                  0x08003da0   Section        0  oledmenu.o(i.fun14)
    i.fun15                                  0x08003e84   Section        0  oledmenu.o(i.fun15)
    i.fun16                                  0x08003e86   Section        0  oledmenu.o(i.fun16)
    i.fun2                                   0x08003e88   Section        0  oledmenu.o(i.fun2)
    i.fun3                                   0x08003e92   Section        0  oledmenu.o(i.fun3)
    i.fun4                                   0x08003e9c   Section        0  oledmenu.o(i.fun4)
    i.fun5                                   0x08003ea6   Section        0  oledmenu.o(i.fun5)
    i.fun6                                   0x08003eb0   Section        0  oledmenu.o(i.fun6)
    i.fun7                                   0x08003eba   Section        0  oledmenu.o(i.fun7)
    i.fun8                                   0x08003ec4   Section        0  oledmenu.o(i.fun8)
    i.fun9                                   0x08003ed0   Section        0  oledmenu.o(i.fun9)
    i.main                                   0x08004004   Section        0  main.o(i.main)
    i.prvAddCurrentTaskToDelayedList         0x080040f4   Section        0  tasks.o(i.prvAddCurrentTaskToDelayedList)
    prvAddCurrentTaskToDelayedList           0x080040f5   Thumb Code   124  tasks.o(i.prvAddCurrentTaskToDelayedList)
    i.prvAddNewTaskToReadyList               0x0800418c   Section        0  tasks.o(i.prvAddNewTaskToReadyList)
    prvAddNewTaskToReadyList                 0x0800418d   Thumb Code   150  tasks.o(i.prvAddNewTaskToReadyList)
    i.prvCheckTasksWaitingTermination        0x08004240   Section        0  tasks.o(i.prvCheckTasksWaitingTermination)
    prvCheckTasksWaitingTermination          0x08004241   Thumb Code    86  tasks.o(i.prvCheckTasksWaitingTermination)
    i.prvDeleteTCB                           0x080042a4   Section        0  tasks.o(i.prvDeleteTCB)
    prvDeleteTCB                             0x080042a5   Thumb Code    18  tasks.o(i.prvDeleteTCB)
    i.prvHeapInit                            0x080042b8   Section        0  heap_4.o(i.prvHeapInit)
    prvHeapInit                              0x080042b9   Thumb Code    98  heap_4.o(i.prvHeapInit)
    i.prvIdleTask                            0x08004334   Section        0  tasks.o(i.prvIdleTask)
    prvIdleTask                              0x08004335   Thumb Code    32  tasks.o(i.prvIdleTask)
    i.prvInitialiseNewQueue                  0x0800435c   Section        0  queue.o(i.prvInitialiseNewQueue)
    prvInitialiseNewQueue                    0x0800435d   Thumb Code    38  queue.o(i.prvInitialiseNewQueue)
    i.prvInitialiseNewTask                   0x08004382   Section        0  tasks.o(i.prvInitialiseNewTask)
    prvInitialiseNewTask                     0x08004383   Thumb Code   128  tasks.o(i.prvInitialiseNewTask)
    i.prvInitialiseTaskLists                 0x08004404   Section        0  tasks.o(i.prvInitialiseTaskLists)
    prvInitialiseTaskLists                   0x08004405   Thumb Code    70  tasks.o(i.prvInitialiseTaskLists)
    i.prvInsertBlockIntoFreeList             0x0800446c   Section        0  heap_4.o(i.prvInsertBlockIntoFreeList)
    prvInsertBlockIntoFreeList               0x0800446d   Thumb Code    96  heap_4.o(i.prvInsertBlockIntoFreeList)
    i.prvResetNextTaskUnblockTime            0x080044d4   Section        0  tasks.o(i.prvResetNextTaskUnblockTime)
    prvResetNextTaskUnblockTime              0x080044d5   Thumb Code    42  tasks.o(i.prvResetNextTaskUnblockTime)
    i.prvTaskExitError                       0x08004508   Section        0  port.o(i.prvTaskExitError)
    prvTaskExitError                         0x08004509   Thumb Code    22  port.o(i.prvTaskExitError)
    i.pvPortMalloc                           0x08004520   Section        0  heap_4.o(i.pvPortMalloc)
    i.pxPortInitialiseStack                  0x080045f0   Section        0  port.o(i.pxPortInitialiseStack)
    i.uxListRemove                           0x0800461c   Section        0  list.o(i.uxListRemove)
    i.vListInitialise                        0x08004644   Section        0  list.o(i.vListInitialise)
    i.vListInitialiseItem                    0x0800465e   Section        0  list.o(i.vListInitialiseItem)
    i.vListInsert                            0x08004664   Section        0  list.o(i.vListInsert)
    i.vListInsertEnd                         0x08004698   Section        0  list.o(i.vListInsertEnd)
    i.vPortEnterCritical                     0x080046b0   Section        0  port.o(i.vPortEnterCritical)
    i.vPortExitCritical                      0x080046d4   Section        0  port.o(i.vPortExitCritical)
    i.vPortFree                              0x080046f4   Section        0  heap_4.o(i.vPortFree)
    i.vPortSetupTimerInterrupt               0x0800473c   Section        0  port.o(i.vPortSetupTimerInterrupt)
    i.vTaskDelay                             0x08004750   Section        0  tasks.o(i.vTaskDelay)
    i.vTaskDelayUntil                        0x08004784   Section        0  tasks.o(i.vTaskDelayUntil)
    i.vTaskDelete                            0x080047f8   Section        0  tasks.o(i.vTaskDelete)
    i.vTaskStartScheduler                    0x080048c4   Section        0  tasks.o(i.vTaskStartScheduler)
    i.vTaskSuspendAll                        0x0800492c   Section        0  tasks.o(i.vTaskSuspendAll)
    i.vTaskSwitchContext                     0x0800493c   Section        0  tasks.o(i.vTaskSwitchContext)
    i.xPortStartScheduler                    0x0800499c   Section        0  port.o(i.xPortStartScheduler)
    i.xQueueGenericCreate                    0x080049e4   Section        0  queue.o(i.xQueueGenericCreate)
    i.xQueueGenericReset                     0x08004a1c   Section        0  queue.o(i.xQueueGenericReset)
    i.xTaskCreate                            0x08004a9c   Section        0  tasks.o(i.xTaskCreate)
    i.xTaskGetTickCount                      0x08004afc   Section        0  tasks.o(i.xTaskGetTickCount)
    i.xTaskIncrementTick                     0x08004b08   Section        0  tasks.o(i.xTaskIncrementTick)
    i.xTaskRemoveFromEventList               0x08004c24   Section        0  tasks.o(i.xTaskRemoveFromEventList)
    i.xTaskResumeAll                         0x08004ca4   Section        0  tasks.o(i.xTaskResumeAll)
    .constdata                               0x08004d8c   Section    12557  oled.o(.constdata)
    .conststring                             0x08007e9c   Section      209  oledmenu.o(.conststring)
    .data                                    0x20000000   Section       16  main.o(.data)
    .data                                    0x20000010   Section        1  key.o(.data)
    flag                                     0x20000010   Data           1  key.o(.data)
    .data                                    0x20000011   Section        2  pwm.o(.data)
    .data                                    0x20000018   Section       24  adcdma.o(.data)
    .data                                    0x20000030   Section        5  esp8266.o(.data)
    oldres                                   0x20000033   Data           1  esp8266.o(.data)
    newres                                   0x20000034   Data           1  esp8266.o(.data)
    .data                                    0x20000038   Section      258  oledmenu.o(.data)
    .data                                    0x2000013a   Section       16  stm32f4xx_rcc.o(.data)
    APBAHBPrescTable                         0x2000013a   Data          16  stm32f4xx_rcc.o(.data)
    .data                                    0x2000014c   Section       60  tasks.o(.data)
    pxDelayedTaskList                        0x20000150   Data           4  tasks.o(.data)
    pxOverflowDelayedTaskList                0x20000154   Data           4  tasks.o(.data)
    uxDeletedTasksWaitingCleanUp             0x20000158   Data           4  tasks.o(.data)
    uxCurrentNumberOfTasks                   0x2000015c   Data           4  tasks.o(.data)
    xTickCount                               0x20000160   Data           4  tasks.o(.data)
    uxTopReadyPriority                       0x20000164   Data           4  tasks.o(.data)
    xSchedulerRunning                        0x20000168   Data           4  tasks.o(.data)
    uxPendedTicks                            0x2000016c   Data           4  tasks.o(.data)
    xYieldPending                            0x20000170   Data           4  tasks.o(.data)
    xNumOfOverflows                          0x20000174   Data           4  tasks.o(.data)
    uxTaskNumber                             0x20000178   Data           4  tasks.o(.data)
    xNextTaskUnblockTime                     0x2000017c   Data           4  tasks.o(.data)
    xIdleTaskHandle                          0x20000180   Data           4  tasks.o(.data)
    uxSchedulerSuspended                     0x20000184   Data           4  tasks.o(.data)
    .data                                    0x20000188   Section       24  heap_4.o(.data)
    xStart                                   0x20000188   Data           8  heap_4.o(.data)
    pxEnd                                    0x20000190   Data           4  heap_4.o(.data)
    xFreeBytesRemaining                      0x20000194   Data           4  heap_4.o(.data)
    xMinimumEverFreeBytesRemaining           0x20000198   Data           4  heap_4.o(.data)
    xBlockAllocatedBit                       0x2000019c   Data           4  heap_4.o(.data)
    .data                                    0x200001a0   Section        4  port.o(.data)
    uxCriticalNesting                        0x200001a0   Data           4  port.o(.data)
    .data                                    0x200001a4   Section        4  stdout.o(.data)
    .bss                                     0x200001a8   Section     1152  oled.o(.bss)
    .bss                                     0x20000628   Section       24  dht11.o(.bss)
    .bss                                     0x20000640   Section      280  esp8266.o(.bss)
    .bss                                     0x20000758   Section      740  tasks.o(.bss)
    pxReadyTasksLists                        0x20000758   Data         640  tasks.o(.bss)
    xDelayedTaskList1                        0x200009d8   Data          20  tasks.o(.bss)
    xDelayedTaskList2                        0x200009ec   Data          20  tasks.o(.bss)
    xPendingReadyList                        0x20000a00   Data          20  tasks.o(.bss)
    xTasksWaitingTermination                 0x20000a14   Data          20  tasks.o(.bss)
    xSuspendedTaskList                       0x20000a28   Data          20  tasks.o(.bss)
    .bss                                     0x20000a3c   Section    36864  heap_4.o(.bss)
    ucHeap                                   0x20000a3c   Data       36864  heap_4.o(.bss)
    STACK                                    0x20009a40   Section     1024  startup_stm32f40_41xxx.o(STACK)

    Global Symbols

    Symbol Name                              Value     Ov Type        Size  Object(Section)

    BuildAttributes$$THM_ISAv4$E$P$D$K$B$S$7EM$VFPi3$EXTD16$VFPS$VFMA$PE$A:L22UL41UL21$X:L11$S22US41US21$IEEE1$IW$USESV6$~STKCKD$USESV7$~SHL$OSPACE$ROPI$EBA8$MICROLIB$REQ8$PRES8$EABIv2 0x00000000   Number         0  anon$$obj.o ABSOLUTE
    __ARM_use_no_argv                        0x00000000   Number         0  main.o ABSOLUTE
    _printf_a                                0x00000000   Number         0  stubs.o ABSOLUTE
    _printf_c                                0x00000000   Number         0  stubs.o ABSOLUTE
    _printf_charcount                        0x00000000   Number         0  stubs.o ABSOLUTE
    _printf_d                                0x00000000   Number         0  stubs.o ABSOLUTE
    _printf_e                                0x00000000   Number         0  stubs.o ABSOLUTE
    _printf_f                                0x00000000   Number         0  stubs.o ABSOLUTE
    _printf_flags                            0x00000000   Number         0  stubs.o ABSOLUTE
    _printf_fp_dec                           0x00000000   Number         0  stubs.o ABSOLUTE
    _printf_fp_hex                           0x00000000   Number         0  stubs.o ABSOLUTE
    _printf_g                                0x00000000   Number         0  stubs.o ABSOLUTE
    _printf_i                                0x00000000   Number         0  stubs.o ABSOLUTE
    _printf_int_dec                          0x00000000   Number         0  stubs.o ABSOLUTE
    _printf_l                                0x00000000   Number         0  stubs.o ABSOLUTE
    _printf_lc                               0x00000000   Number         0  stubs.o ABSOLUTE
    _printf_ll                               0x00000000   Number         0  stubs.o ABSOLUTE
    _printf_lld                              0x00000000   Number         0  stubs.o ABSOLUTE
    _printf_lli                              0x00000000   Number         0  stubs.o ABSOLUTE
    _printf_llo                              0x00000000   Number         0  stubs.o ABSOLUTE
    _printf_llu                              0x00000000   Number         0  stubs.o ABSOLUTE
    _printf_llx                              0x00000000   Number         0  stubs.o ABSOLUTE
    _printf_longlong_dec                     0x00000000   Number         0  stubs.o ABSOLUTE
    _printf_longlong_hex                     0x00000000   Number         0  stubs.o ABSOLUTE
    _printf_longlong_oct                     0x00000000   Number         0  stubs.o ABSOLUTE
    _printf_ls                               0x00000000   Number         0  stubs.o ABSOLUTE
    _printf_mbtowc                           0x00000000   Number         0  stubs.o ABSOLUTE
    _printf_n                                0x00000000   Number         0  stubs.o ABSOLUTE
    _printf_o                                0x00000000   Number         0  stubs.o ABSOLUTE
    _printf_p                                0x00000000   Number         0  stubs.o ABSOLUTE
    _printf_percent                          0x00000000   Number         0  stubs.o ABSOLUTE
    _printf_pre_padding                      0x00000000   Number         0  stubs.o ABSOLUTE
    _printf_return_value                     0x00000000   Number         0  stubs.o ABSOLUTE
    _printf_s                                0x00000000   Number         0  stubs.o ABSOLUTE
    _printf_sizespec                         0x00000000   Number         0  stubs.o ABSOLUTE
    _printf_str                              0x00000000   Number         0  stubs.o ABSOLUTE
    _printf_truncate_signed                  0x00000000   Number         0  stubs.o ABSOLUTE
    _printf_truncate_unsigned                0x00000000   Number         0  stubs.o ABSOLUTE
    _printf_u                                0x00000000   Number         0  stubs.o ABSOLUTE
    _printf_wc                               0x00000000   Number         0  stubs.o ABSOLUTE
    _printf_wctomb                           0x00000000   Number         0  stubs.o ABSOLUTE
    _printf_widthprec                        0x00000000   Number         0  stubs.o ABSOLUTE
    _printf_x                                0x00000000   Number         0  stubs.o ABSOLUTE
    __arm_fini_                               - Undefined Weak Reference
    __cpp_initialize__aeabi_                  - Undefined Weak Reference
    __cxa_finalize                            - Undefined Weak Reference
    _clock_init                               - Undefined Weak Reference
    _microlib_exit                            - Undefined Weak Reference
    __Vectors_Size                           0x00000188   Number         0  startup_stm32f40_41xxx.o ABSOLUTE
    __Vectors                                0x08000000   Data           4  startup_stm32f40_41xxx.o(RESET)
    __Vectors_End                            0x08000188   Data           0  startup_stm32f40_41xxx.o(RESET)
    __main                                   0x08000189   Thumb Code     0  entry.o(.ARM.Collect$$$$00000000)
    _main_stk                                0x08000189   Thumb Code     0  entry2.o(.ARM.Collect$$$$00000001)
    _main_scatterload                        0x0800018d   Thumb Code     0  entry5.o(.ARM.Collect$$$$00000004)
    __main_after_scatterload                 0x08000191   Thumb Code     0  entry5.o(.ARM.Collect$$$$00000004)
    _main_clock                              0x08000191   Thumb Code     0  entry7b.o(.ARM.Collect$$$$00000008)
    _main_cpp_init                           0x08000191   Thumb Code     0  entry8b.o(.ARM.Collect$$$$0000000A)
    _main_init                               0x08000191   Thumb Code     0  entry9a.o(.ARM.Collect$$$$0000000B)
    __rt_lib_shutdown_fini                   0x08000199   Thumb Code     0  entry12b.o(.ARM.Collect$$$$0000000E)
    __rt_final_cpp                           0x0800019d   Thumb Code     0  entry10a.o(.ARM.Collect$$$$0000000F)
    __rt_final_exit                          0x0800019d   Thumb Code     0  entry11a.o(.ARM.Collect$$$$00000011)
    SVC_Handler                              0x080001a1   Thumb Code    28  port.o(.emb_text)
    __asm___6_port_c_39a90d8d__prvStartFirstTask 0x080001c1   Thumb Code    28  port.o(.emb_text)
    __asm___6_port_c_39a90d8d__prvEnableVFP  0x080001e1   Thumb Code    16  port.o(.emb_text)
    PendSV_Handler                           0x080001f5   Thumb Code    88  port.o(.emb_text)
    vPortGetIPSR                             0x08000251   Thumb Code     6  port.o(.emb_text)
    Reset_Handler                            0x08000259   Thumb Code     8  startup_stm32f40_41xxx.o(.text)
    ADC_IRQHandler                           0x08000273   Thumb Code     0  startup_stm32f40_41xxx.o(.text)
    CAN1_RX0_IRQHandler                      0x08000273   Thumb Code     0  startup_stm32f40_41xxx.o(.text)
    CAN1_RX1_IRQHandler                      0x08000273   Thumb Code     0  startup_stm32f40_41xxx.o(.text)
    CAN1_SCE_IRQHandler                      0x08000273   Thumb Code     0  startup_stm32f40_41xxx.o(.text)
    CAN1_TX_IRQHandler                       0x08000273   Thumb Code     0  startup_stm32f40_41xxx.o(.text)
    CAN2_RX0_IRQHandler                      0x08000273   Thumb Code     0  startup_stm32f40_41xxx.o(.text)
    CAN2_RX1_IRQHandler                      0x08000273   Thumb Code     0  startup_stm32f40_41xxx.o(.text)
    CAN2_SCE_IRQHandler                      0x08000273   Thumb Code     0  startup_stm32f40_41xxx.o(.text)
    CAN2_TX_IRQHandler                       0x08000273   Thumb Code     0  startup_stm32f40_41xxx.o(.text)
    CRYP_IRQHandler                          0x08000273   Thumb Code     0  startup_stm32f40_41xxx.o(.text)
    DCMI_IRQHandler                          0x08000273   Thumb Code     0  startup_stm32f40_41xxx.o(.text)
    DMA1_Stream0_IRQHandler                  0x08000273   Thumb Code     0  startup_stm32f40_41xxx.o(.text)
    DMA1_Stream1_IRQHandler                  0x08000273   Thumb Code     0  startup_stm32f40_41xxx.o(.text)
    DMA1_Stream2_IRQHandler                  0x08000273   Thumb Code     0  startup_stm32f40_41xxx.o(.text)
    DMA1_Stream3_IRQHandler                  0x08000273   Thumb Code     0  startup_stm32f40_41xxx.o(.text)
    DMA1_Stream4_IRQHandler                  0x08000273   Thumb Code     0  startup_stm32f40_41xxx.o(.text)
    DMA1_Stream5_IRQHandler                  0x08000273   Thumb Code     0  startup_stm32f40_41xxx.o(.text)
    DMA1_Stream6_IRQHandler                  0x08000273   Thumb Code     0  startup_stm32f40_41xxx.o(.text)
    DMA1_Stream7_IRQHandler                  0x08000273   Thumb Code     0  startup_stm32f40_41xxx.o(.text)
    DMA2_Stream0_IRQHandler                  0x08000273   Thumb Code     0  startup_stm32f40_41xxx.o(.text)
    DMA2_Stream1_IRQHandler                  0x08000273   Thumb Code     0  startup_stm32f40_41xxx.o(.text)
    DMA2_Stream2_IRQHandler                  0x08000273   Thumb Code     0  startup_stm32f40_41xxx.o(.text)
    DMA2_Stream3_IRQHandler                  0x08000273   Thumb Code     0  startup_stm32f40_41xxx.o(.text)
    DMA2_Stream4_IRQHandler                  0x08000273   Thumb Code     0  startup_stm32f40_41xxx.o(.text)
    DMA2_Stream5_IRQHandler                  0x08000273   Thumb Code     0  startup_stm32f40_41xxx.o(.text)
    DMA2_Stream6_IRQHandler                  0x08000273   Thumb Code     0  startup_stm32f40_41xxx.o(.text)
    DMA2_Stream7_IRQHandler                  0x08000273   Thumb Code     0  startup_stm32f40_41xxx.o(.text)
    ETH_IRQHandler                           0x08000273   Thumb Code     0  startup_stm32f40_41xxx.o(.text)
    ETH_WKUP_IRQHandler                      0x08000273   Thumb Code     0  startup_stm32f40_41xxx.o(.text)
    EXTI0_IRQHandler                         0x08000273   Thumb Code     0  startup_stm32f40_41xxx.o(.text)
    EXTI1_IRQHandler                         0x08000273   Thumb Code     0  startup_stm32f40_41xxx.o(.text)
    EXTI2_IRQHandler                         0x08000273   Thumb Code     0  startup_stm32f40_41xxx.o(.text)
    EXTI3_IRQHandler                         0x08000273   Thumb Code     0  startup_stm32f40_41xxx.o(.text)
    EXTI4_IRQHandler                         0x08000273   Thumb Code     0  startup_stm32f40_41xxx.o(.text)
    EXTI9_5_IRQHandler                       0x08000273   Thumb Code     0  startup_stm32f40_41xxx.o(.text)
    FLASH_IRQHandler                         0x08000273   Thumb Code     0  startup_stm32f40_41xxx.o(.text)
    FPU_IRQHandler                           0x08000273   Thumb Code     0  startup_stm32f40_41xxx.o(.text)
    FSMC_IRQHandler                          0x08000273   Thumb Code     0  startup_stm32f40_41xxx.o(.text)
    HASH_RNG_IRQHandler                      0x08000273   Thumb Code     0  startup_stm32f40_41xxx.o(.text)
    I2C1_ER_IRQHandler                       0x08000273   Thumb Code     0  startup_stm32f40_41xxx.o(.text)
    I2C1_EV_IRQHandler                       0x08000273   Thumb Code     0  startup_stm32f40_41xxx.o(.text)
    I2C2_ER_IRQHandler                       0x08000273   Thumb Code     0  startup_stm32f40_41xxx.o(.text)
    I2C2_EV_IRQHandler                       0x08000273   Thumb Code     0  startup_stm32f40_41xxx.o(.text)
    I2C3_ER_IRQHandler                       0x08000273   Thumb Code     0  startup_stm32f40_41xxx.o(.text)
    I2C3_EV_IRQHandler                       0x08000273   Thumb Code     0  startup_stm32f40_41xxx.o(.text)
    OTG_FS_IRQHandler                        0x08000273   Thumb Code     0  startup_stm32f40_41xxx.o(.text)
    OTG_FS_WKUP_IRQHandler                   0x08000273   Thumb Code     0  startup_stm32f40_41xxx.o(.text)
    OTG_HS_EP1_IN_IRQHandler                 0x08000273   Thumb Code     0  startup_stm32f40_41xxx.o(.text)
    OTG_HS_EP1_OUT_IRQHandler                0x08000273   Thumb Code     0  startup_stm32f40_41xxx.o(.text)
    OTG_HS_IRQHandler                        0x08000273   Thumb Code     0  startup_stm32f40_41xxx.o(.text)
    OTG_HS_WKUP_IRQHandler                   0x08000273   Thumb Code     0  startup_stm32f40_41xxx.o(.text)
    PVD_IRQHandler                           0x08000273   Thumb Code     0  startup_stm32f40_41xxx.o(.text)
    RCC_IRQHandler                           0x08000273   Thumb Code     0  startup_stm32f40_41xxx.o(.text)
    RTC_Alarm_IRQHandler                     0x08000273   Thumb Code     0  startup_stm32f40_41xxx.o(.text)
    RTC_WKUP_IRQHandler                      0x08000273   Thumb Code     0  startup_stm32f40_41xxx.o(.text)
    SDIO_IRQHandler                          0x08000273   Thumb Code     0  startup_stm32f40_41xxx.o(.text)
    SPI1_IRQHandler                          0x08000273   Thumb Code     0  startup_stm32f40_41xxx.o(.text)
    SPI2_IRQHandler                          0x08000273   Thumb Code     0  startup_stm32f40_41xxx.o(.text)
    SPI3_IRQHandler                          0x08000273   Thumb Code     0  startup_stm32f40_41xxx.o(.text)
    TAMP_STAMP_IRQHandler                    0x08000273   Thumb Code     0  startup_stm32f40_41xxx.o(.text)
    TIM1_BRK_TIM9_IRQHandler                 0x08000273   Thumb Code     0  startup_stm32f40_41xxx.o(.text)
    TIM1_CC_IRQHandler                       0x08000273   Thumb Code     0  startup_stm32f40_41xxx.o(.text)
    TIM1_TRG_COM_TIM11_IRQHandler            0x08000273   Thumb Code     0  startup_stm32f40_41xxx.o(.text)
    TIM1_UP_TIM10_IRQHandler                 0x08000273   Thumb Code     0  startup_stm32f40_41xxx.o(.text)
    TIM3_IRQHandler                          0x08000273   Thumb Code     0  startup_stm32f40_41xxx.o(.text)
    TIM4_IRQHandler                          0x08000273   Thumb Code     0  startup_stm32f40_41xxx.o(.text)
    TIM5_IRQHandler                          0x08000273   Thumb Code     0  startup_stm32f40_41xxx.o(.text)
    TIM6_DAC_IRQHandler                      0x08000273   Thumb Code     0  startup_stm32f40_41xxx.o(.text)
    TIM7_IRQHandler                          0x08000273   Thumb Code     0  startup_stm32f40_41xxx.o(.text)
    TIM8_BRK_TIM12_IRQHandler                0x08000273   Thumb Code     0  startup_stm32f40_41xxx.o(.text)
    TIM8_CC_IRQHandler                       0x08000273   Thumb Code     0  startup_stm32f40_41xxx.o(.text)
    TIM8_TRG_COM_TIM14_IRQHandler            0x08000273   Thumb Code     0  startup_stm32f40_41xxx.o(.text)
    TIM8_UP_TIM13_IRQHandler                 0x08000273   Thumb Code     0  startup_stm32f40_41xxx.o(.text)
    UART4_IRQHandler                         0x08000273   Thumb Code     0  startup_stm32f40_41xxx.o(.text)
    UART5_IRQHandler                         0x08000273   Thumb Code     0  startup_stm32f40_41xxx.o(.text)
    USART3_IRQHandler                        0x08000273   Thumb Code     0  startup_stm32f40_41xxx.o(.text)
    USART6_IRQHandler                        0x08000273   Thumb Code     0  startup_stm32f40_41xxx.o(.text)
    WWDG_IRQHandler                          0x08000273   Thumb Code     0  startup_stm32f40_41xxx.o(.text)
    __aeabi_memset                           0x0800027d   Thumb Code    14  memseta.o(.text)
    __aeabi_memset4                          0x0800027d   Thumb Code     0  memseta.o(.text)
    __aeabi_memset8                          0x0800027d   Thumb Code     0  memseta.o(.text)
    __aeabi_memclr                           0x0800028b   Thumb Code     4  memseta.o(.text)
    __aeabi_memclr4                          0x0800028b   Thumb Code     0  memseta.o(.text)
    __aeabi_memclr8                          0x0800028b   Thumb Code     0  memseta.o(.text)
    _memset$wrapper                          0x0800028f   Thumb Code    18  memseta.o(.text)
    strstr                                   0x080002a1   Thumb Code    36  strstr.o(.text)
    strlen                                   0x080002c5   Thumb Code    14  strlen.o(.text)
    strncmp                                  0x080002d3   Thumb Code    30  strncmp.o(.text)
    __aeabi_dadd                             0x080002f1   Thumb Code   322  dadd.o(.text)
    __aeabi_dsub                             0x08000433   Thumb Code     6  dadd.o(.text)
    __aeabi_drsub                            0x08000439   Thumb Code     6  dadd.o(.text)
    __aeabi_dmul                             0x0800043f   Thumb Code   228  dmul.o(.text)
    __aeabi_ddiv                             0x08000523   Thumb Code   222  ddiv.o(.text)
    __aeabi_ui2d                             0x08000601   Thumb Code    26  dfltui.o(.text)
    __aeabi_uidiv                            0x0800061b   Thumb Code     0  uidiv.o(.text)
    __aeabi_uidivmod                         0x0800061b   Thumb Code    44  uidiv.o(.text)
    __aeabi_uldivmod                         0x08000647   Thumb Code    98  uldiv.o(.text)
    __aeabi_llsl                             0x080006a9   Thumb Code    30  llshl.o(.text)
    _ll_shift_l                              0x080006a9   Thumb Code     0  llshl.o(.text)
    __aeabi_lasr                             0x080006c7   Thumb Code    36  llsshr.o(.text)
    _ll_sshift_r                             0x080006c7   Thumb Code     0  llsshr.o(.text)
    __I$use$fp                               0x080006eb   Thumb Code     0  iusefp.o(.text)
    _double_round                            0x080006eb   Thumb Code    30  depilogue.o(.text)
    _double_epilogue                         0x08000709   Thumb Code   156  depilogue.o(.text)
    __aeabi_d2ulz                            0x080007a5   Thumb Code    48  dfixul.o(.text)
    __aeabi_cdrcmple                         0x080007d5   Thumb Code    48  cdrcmple.o(.text)
    __scatterload                            0x08000805   Thumb Code    28  init.o(.text)
    __scatterload_rt2                        0x08000805   Thumb Code     0  init.o(.text)
    __aeabi_llsr                             0x08000829   Thumb Code    32  llushr.o(.text)
    _ll_ushift_r                             0x08000829   Thumb Code     0  llushr.o(.text)
    __decompress                             0x08000849   Thumb Code     0  __dczerorl2.o(.text)
    __decompress1                            0x08000849   Thumb Code    86  __dczerorl2.o(.text)
    ADC_Cmd                                  0x0800089f   Thumb Code    22  stm32f4xx_adc.o(i.ADC_Cmd)
    ADC_CommonInit                           0x080008b5   Thumb Code    34  stm32f4xx_adc.o(i.ADC_CommonInit)
    ADC_CommonStructInit                     0x080008e5   Thumb Code    12  stm32f4xx_adc.o(i.ADC_CommonStructInit)
    ADC_DMACmd                               0x080008f1   Thumb Code    22  stm32f4xx_adc.o(i.ADC_DMACmd)
    ADC_DMARequestAfterLastTransferCmd       0x08000907   Thumb Code    22  stm32f4xx_adc.o(i.ADC_DMARequestAfterLastTransferCmd)
    ADC_DMA_Init                             0x0800091d   Thumb Code   262  adcdma.o(i.ADC_DMA_Init)
    ADC_Init                                 0x08000a39   Thumb Code    74  stm32f4xx_adc.o(i.ADC_Init)
    ADC_Light_Init                           0x08000a8d   Thumb Code    30  light.o(i.ADC_Light_Init)
    ADC_RegularChannelConfig                 0x08000ab1   Thumb Code   184  stm32f4xx_adc.o(i.ADC_RegularChannelConfig)
    ADC_SoftwareStartConv                    0x08000b69   Thumb Code    10  stm32f4xx_adc.o(i.ADC_SoftwareStartConv)
    ADC_StructInit                           0x08000b73   Thumb Code    20  stm32f4xx_adc.o(i.ADC_StructInit)
    ADCx_Init                                0x08000b89   Thumb Code   112  adc.o(i.ADCx_Init)
    BEEP_Init                                0x08000c09   Thumb Code    54  beep.o(i.BEEP_Init)
    BusFault_Handler                         0x08000c45   Thumb Code     4  stm32f4xx_it.o(i.BusFault_Handler)
    DATA_Model                               0x08000c49   Thumb Code    30  dht11.o(i.DATA_Model)
    DHT11_Check                              0x08000c6d   Thumb Code    78  dht11.o(i.DHT11_Check)
    DHT11_Init                               0x08000cc1   Thumb Code    48  dht11.o(i.DHT11_Init)
    DHT11_Read_Bit                           0x08000cf5   Thumb Code   104  dht11.o(i.DHT11_Read_Bit)
    DHT11_Start                              0x08000d61   Thumb Code    36  dht11.o(i.DHT11_Start)
    DHT_ReadByte                             0x08000d8d   Thumb Code    28  dht11.o(i.DHT_ReadByte)
    DHT_ReadData                             0x08000da9   Thumb Code   220  dht11.o(i.DHT_ReadData)
    DMA_Cmd                                  0x08000e8d   Thumb Code    22  stm32f4xx_dma.o(i.DMA_Cmd)
    DMA_Init                                 0x08000ea5   Thumb Code    82  stm32f4xx_dma.o(i.DMA_Init)
    DMA_Value                                0x08000efd   Thumb Code    74  adcdma.o(i.DMA_Value)
    DebugMon_Handler                         0x08000f65   Thumb Code     2  stm32f4xx_it.o(i.DebugMon_Handler)
    ESP8266_Close                            0x08000f69   Thumb Code    10  esp8266.o(i.ESP8266_Close)
    ESP8266_MODEL2_Init                      0x08000f81   Thumb Code    28  esp8266.o(i.ESP8266_MODEL2_Init)
    EXTI15_10_IRQHandler                     0x08000ff5   Thumb Code    20  exti.o(i.EXTI15_10_IRQHandler)
    EXTI_ClearITPendingBit                   0x08001009   Thumb Code     6  stm32f4xx_exti.o(i.EXTI_ClearITPendingBit)
    EXTI_GetITStatus                         0x08001015   Thumb Code    20  stm32f4xx_exti.o(i.EXTI_GetITStatus)
    EXTI_Init                                0x0800102d   Thumb Code   142  stm32f4xx_exti.o(i.EXTI_Init)
    EXTI_KEY_Init                            0x080010c1   Thumb Code   116  exti.o(i.EXTI_KEY_Init)
    Earse_Section                            0x08001139   Thumb Code    50  w25q.o(i.Earse_Section)
    FS_Controller                            0x0800116d   Thumb Code    66  pwm.o(i.FS_Controller)
    GPIO_Init                                0x080011b9   Thumb Code   144  stm32f4xx_gpio.o(i.GPIO_Init)
    GPIO_PinAFConfig                         0x08001249   Thumb Code    70  stm32f4xx_gpio.o(i.GPIO_PinAFConfig)
    GPIO_ResetBits                           0x0800128f   Thumb Code     4  stm32f4xx_gpio.o(i.GPIO_ResetBits)
    GPIO_SetBits                             0x08001293   Thumb Code     4  stm32f4xx_gpio.o(i.GPIO_SetBits)
    GetChinese                               0x08001299   Thumb Code    52  oled.o(i.GetChinese)
    HardFault_Handler                        0x080012d1   Thumb Code     4  stm32f4xx_it.o(i.HardFault_Handler)
    IIC_ACK                                  0x080012d5   Thumb Code    34  iic.o(i.IIC_ACK)
    IIC_Delay                                0x08001301   Thumb Code    14  iic.o(i.IIC_Delay)
    IIC_SendByte                             0x08001311   Thumb Code    54  iic.o(i.IIC_SendByte)
    IIC_Start                                0x08001351   Thumb Code    40  iic.o(i.IIC_Start)
    IIC_Stop                                 0x08001381   Thumb Code    34  iic.o(i.IIC_Stop)
    KEY_Init                                 0x080013ad   Thumb Code    64  key.o(i.KEY_Init)
    KEY_Scan                                 0x080013f5   Thumb Code   130  key.o(i.KEY_Scan)
    LED_Init                                 0x08001485   Thumb Code    60  led.o(i.LED_Init)
    LED_Toggri                               0x080014c5   Thumb Code    86  pwm.o(i.LED_Toggri)
    MemManage_Handler                        0x08001525   Thumb Code     4  stm32f4xx_it.o(i.MemManage_Handler)
    MyIIC_Init                               0x08001529   Thumb Code    52  iic.o(i.MyIIC_Init)
    NMI_Handler                              0x08001561   Thumb Code     2  stm32f4xx_it.o(i.NMI_Handler)
    NVIC_Init                                0x08001565   Thumb Code   106  misc.o(i.NVIC_Init)
    NVIC_PriorityGroupConfig                 0x080015dd   Thumb Code    10  misc.o(i.NVIC_PriorityGroupConfig)
    OLED_Clear                               0x080015f1   Thumb Code    36  oled.o(i.OLED_Clear)
    OLED_DrawCircle                          0x08001619   Thumb Code   168  oled.o(i.OLED_DrawCircle)
    OLED_DrawPoint                           0x080016c1   Thumb Code   114  oled.o(i.OLED_DrawPoint)
    OLED_Init                                0x08001739   Thumb Code   232  oled.o(i.OLED_Init)
    OLED_Pow                                 0x08001821   Thumb Code    22  oled.o(i.OLED_Pow)
    OLED_Refresh                             0x08001839   Thumb Code   100  oled.o(i.OLED_Refresh)
    OLED_Running_Page1                       0x080018a1   Thumb Code   100  oledmenu.o(i.OLED_Running_Page1)
    OLED_ShowChar                            0x0800190d   Thumb Code   300  oled.o(i.OLED_ShowChar)
    OLED_ShowChinese                         0x08001a49   Thumb Code   224  oled.o(i.OLED_ShowChinese)
    OLED_ShowChineseString                   0x08001b35   Thumb Code    78  oled.o(i.OLED_ShowChineseString)
    OLED_ShowNum                             0x08001b83   Thumb Code   140  oled.o(i.OLED_ShowNum)
    OLED_ShowPicture                         0x08001c0f   Thumb Code   222  oled.o(i.OLED_ShowPicture)
    OLED_ShowString                          0x08001ced   Thumb Code    74  oled.o(i.OLED_ShowString)
    OLED_WR_Byte                             0x08001d37   Thumb Code    56  oled.o(i.OLED_WR_Byte)
    PWM_Fs_Init                              0x08001d71   Thumb Code   144  pwm.o(i.PWM_Fs_Init)
    PWM_Init                                 0x08001e09   Thumb Code   152  pwm.o(i.PWM_Init)
    Program_Page                             0x08001ead   Thumb Code    74  w25q.o(i.Program_Page)
    RCC_AHB1PeriphClockCmd                   0x08001ef9   Thumb Code    26  stm32f4xx_rcc.o(i.RCC_AHB1PeriphClockCmd)
    RCC_APB1PeriphClockCmd                   0x08001f19   Thumb Code    26  stm32f4xx_rcc.o(i.RCC_APB1PeriphClockCmd)
    RCC_APB2PeriphClockCmd                   0x08001f39   Thumb Code    26  stm32f4xx_rcc.o(i.RCC_APB2PeriphClockCmd)
    RCC_GetClocksFreq                        0x08001f59   Thumb Code   214  stm32f4xx_rcc.o(i.RCC_GetClocksFreq)
    Read_Data                                0x08002041   Thumb Code    68  w25q.o(i.Read_Data)
    RingBuffer_GetLength                     0x08002085   Thumb Code    30  ringbuffer.o(i.RingBuffer_GetLength)
    RingBuffer_Init                          0x080020a3   Thumb Code    26  ringbuffer.o(i.RingBuffer_Init)
    RingBuffer_Read_Byte                     0x080020bd   Thumb Code    46  ringbuffer.o(i.RingBuffer_Read_Byte)
    RingBuffer_Read_Data                     0x080020ed   Thumb Code    56  ringbuffer.o(i.RingBuffer_Read_Data)
    RingBuffer_Write_Byte                    0x08002141   Thumb Code    66  ringbuffer.o(i.RingBuffer_Write_Byte)
    SPI_SendByte                             0x08002185   Thumb Code    70  spi.o(i.SPI_SendByte)
    SPI_SoftWare_AF_Init                     0x080021d5   Thumb Code    86  spi.o(i.SPI_SoftWare_AF_Init)
    SPI_Start                                0x08002239   Thumb Code     8  spi.o(i.SPI_Start)
    SPI_Stop                                 0x08002245   Thumb Code     8  spi.o(i.SPI_Stop)
    SYSCFG_EXTILineConfig                    0x08002251   Thumb Code    60  stm32f4xx_syscfg.o(i.SYSCFG_EXTILineConfig)
    SysTick_Handler                          0x0800237d   Thumb Code    46  port.o(i.SysTick_Handler)
    SystemInit                               0x080023b1   Thumb Code    88  system_stm32f4xx.o(i.SystemInit)
    TCP_SendData                             0x08002419   Thumb Code    56  esp8266.o(i.TCP_SendData)
    TIM2_IRQHandler                          0x08002465   Thumb Code    24  timer.o(i.TIM2_IRQHandler)
    TIM7_Init                                0x0800247d   Thumb Code    56  delay.o(i.TIM7_Init)
    TIMER_Init                               0x080024b9   Thumb Code   114  timer.o(i.TIMER_Init)
    TIM_ClearFlag                            0x0800252b   Thumb Code     6  stm32f4xx_tim.o(i.TIM_ClearFlag)
    TIM_ClearITPendingBit                    0x08002531   Thumb Code     6  stm32f4xx_tim.o(i.TIM_ClearITPendingBit)
    TIM_Cmd                                  0x08002537   Thumb Code    24  stm32f4xx_tim.o(i.TIM_Cmd)
    TIM_CtrlPWMOutputs                       0x0800254f   Thumb Code    30  stm32f4xx_tim.o(i.TIM_CtrlPWMOutputs)
    TIM_GetITStatus                          0x0800256d   Thumb Code    34  stm32f4xx_tim.o(i.TIM_GetITStatus)
    TIM_ITConfig                             0x0800258f   Thumb Code    18  stm32f4xx_tim.o(i.TIM_ITConfig)
    TIM_InternalClockConfig                  0x080025a1   Thumb Code    12  stm32f4xx_tim.o(i.TIM_InternalClockConfig)
    TIM_OC1Init                              0x080025ad   Thumb Code   114  stm32f4xx_tim.o(i.TIM_OC1Init)
    TIM_OC2Init                              0x08002629   Thumb Code   154  stm32f4xx_tim.o(i.TIM_OC2Init)
    TIM_SetCompare1                          0x080026cd   Thumb Code     4  stm32f4xx_tim.o(i.TIM_SetCompare1)
    TIM_SetCompare2                          0x080026d1   Thumb Code     4  stm32f4xx_tim.o(i.TIM_SetCompare2)
    TIM_TimeBaseInit                         0x080026d5   Thumb Code   104  stm32f4xx_tim.o(i.TIM_TimeBaseInit)
    TaskHandle_KEY_Scan                      0x08002759   Thumb Code   246  main.o(i.TaskHandle_KEY_Scan)
    TaskHandle_OLED                          0x08002879   Thumb Code    36  main.o(i.TaskHandle_OLED)
    TaskHandle_START                         0x080028a9   Thumb Code   104  main.o(i.TaskHandle_START)
    TaskHandle_SensorData                    0x08002969   Thumb Code    50  main.o(i.TaskHandle_SensorData)
    TaskHandle_WIFI                          0x080029a1   Thumb Code   228  main.o(i.TaskHandle_WIFI)
    USART1_IRQHandler                        0x08002ac9   Thumb Code    44  usart1.o(i.USART1_IRQHandler)
    USART1_Init                              0x08002afd   Thumb Code   152  usart1.o(i.USART1_Init)
    USART2_IRQHandler                        0x08002b9d   Thumb Code   182  esp8266.o(i.USART2_IRQHandler)
    USART2_Init                              0x08002c79   Thumb Code   162  esp8266.o(i.USART2_Init)
    USART2_SendData                          0x08002d2d   Thumb Code    40  esp8266.o(i.USART2_SendData)
    USART_ClearITPendingBit                  0x08002d59   Thumb Code    30  stm32f4xx_usart.o(i.USART_ClearITPendingBit)
    USART_Cmd                                0x08002d77   Thumb Code    24  stm32f4xx_usart.o(i.USART_Cmd)
    USART_GetITStatus                        0x08002d8f   Thumb Code    84  stm32f4xx_usart.o(i.USART_GetITStatus)
    USART_ITConfig                           0x08002de3   Thumb Code    74  stm32f4xx_usart.o(i.USART_ITConfig)
    USART_Init                               0x08002e2d   Thumb Code   204  stm32f4xx_usart.o(i.USART_Init)
    USART_ReceiveData                        0x08002f01   Thumb Code    10  stm32f4xx_usart.o(i.USART_ReceiveData)
    USART_SendData                           0x08002f0b   Thumb Code     8  stm32f4xx_usart.o(i.USART_SendData)
    UsageFault_Handler                       0x08002f13   Thumb Code     4  stm32f4xx_it.o(i.UsageFault_Handler)
    W25Q_Init                                0x08002f17   Thumb Code     8  w25q.o(i.W25Q_Init)
    WIFI_SendData                            0x08002f1f   Thumb Code    30  esp8266.o(i.WIFI_SendData)
    Wait_BusyStatus                          0x08002f3d   Thumb Code    28  w25q.o(i.Wait_BusyStatus)
    Wait_OK                                  0x08002f59   Thumb Code    44  esp8266.o(i.Wait_OK)
    Wait_SEND_OK                             0x08002f89   Thumb Code    44  esp8266.o(i.Wait_SEND_OK)
    Write_Enable                             0x08002fb9   Thumb Code    18  w25q.o(i.Write_Enable)
    __0printf                                0x08002fcd   Thumb Code    22  printfa.o(i.__0printf)
    __1printf                                0x08002fcd   Thumb Code     0  printfa.o(i.__0printf)
    __2printf                                0x08002fcd   Thumb Code     0  printfa.o(i.__0printf)
    __c89printf                              0x08002fcd   Thumb Code     0  printfa.o(i.__0printf)
    printf                                   0x08002fcd   Thumb Code     0  printfa.o(i.__0printf)
    __0sprintf                               0x08002fed   Thumb Code    34  printfa.o(i.__0sprintf)
    __1sprintf                               0x08002fed   Thumb Code     0  printfa.o(i.__0sprintf)
    __2sprintf                               0x08002fed   Thumb Code     0  printfa.o(i.__0sprintf)
    __c89sprintf                             0x08002fed   Thumb Code     0  printfa.o(i.__0sprintf)
    sprintf                                  0x08002fed   Thumb Code     0  printfa.o(i.__0sprintf)
    __scatterload_copy                       0x08003015   Thumb Code    14  handlers.o(i.__scatterload_copy)
    __scatterload_null                       0x08003023   Thumb Code     2  handlers.o(i.__scatterload_null)
    __scatterload_zeroinit                   0x08003025   Thumb Code    14  handlers.o(i.__scatterload_zeroinit)
    delay_ms                                 0x080038c9   Thumb Code    24  delay.o(i.delay_ms)
    delay_us                                 0x080038e1   Thumb Code    46  delay.o(i.delay_us)
    fputc                                    0x08003915   Thumb Code    22  usart1.o(i.fputc)
    fun0                                     0x08003931   Thumb Code    58  oledmenu.o(i.fun0)
    fun1                                     0x08003975   Thumb Code    10  oledmenu.o(i.fun1)
    fun10                                    0x08003981   Thumb Code   204  oledmenu.o(i.fun10)
    fun11                                    0x08003a65   Thumb Code   260  oledmenu.o(i.fun11)
    fun12                                    0x08003b7d   Thumb Code   182  oledmenu.o(i.fun12)
    fun13                                    0x08003c49   Thumb Code   316  oledmenu.o(i.fun13)
    fun14                                    0x08003da1   Thumb Code   166  oledmenu.o(i.fun14)
    fun15                                    0x08003e85   Thumb Code     2  oledmenu.o(i.fun15)
    fun16                                    0x08003e87   Thumb Code     2  oledmenu.o(i.fun16)
    fun2                                     0x08003e89   Thumb Code    10  oledmenu.o(i.fun2)
    fun3                                     0x08003e93   Thumb Code    10  oledmenu.o(i.fun3)
    fun4                                     0x08003e9d   Thumb Code    10  oledmenu.o(i.fun4)
    fun5                                     0x08003ea7   Thumb Code    10  oledmenu.o(i.fun5)
    fun6                                     0x08003eb1   Thumb Code    10  oledmenu.o(i.fun6)
    fun7                                     0x08003ebb   Thumb Code    10  oledmenu.o(i.fun7)
    fun8                                     0x08003ec5   Thumb Code    10  oledmenu.o(i.fun8)
    fun9                                     0x08003ed1   Thumb Code   230  oledmenu.o(i.fun9)
    main                                     0x08004005   Thumb Code   176  main.o(i.main)
    pvPortMalloc                             0x08004521   Thumb Code   188  heap_4.o(i.pvPortMalloc)
    pxPortInitialiseStack                    0x080045f1   Thumb Code    38  port.o(i.pxPortInitialiseStack)
    uxListRemove                             0x0800461d   Thumb Code    40  list.o(i.uxListRemove)
    vListInitialise                          0x08004645   Thumb Code    26  list.o(i.vListInitialise)
    vListInitialiseItem                      0x0800465f   Thumb Code     6  list.o(i.vListInitialiseItem)
    vListInsert                              0x08004665   Thumb Code    52  list.o(i.vListInsert)
    vListInsertEnd                           0x08004699   Thumb Code    24  list.o(i.vListInsertEnd)
    vPortEnterCritical                       0x080046b1   Thumb Code    30  port.o(i.vPortEnterCritical)
    vPortExitCritical                        0x080046d5   Thumb Code    28  port.o(i.vPortExitCritical)
    vPortFree                                0x080046f5   Thumb Code    64  heap_4.o(i.vPortFree)
    vPortSetupTimerInterrupt                 0x0800473d   Thumb Code    14  port.o(i.vPortSetupTimerInterrupt)
    vTaskDelay                               0x08004751   Thumb Code    46  tasks.o(i.vTaskDelay)
    vTaskDelayUntil                          0x08004785   Thumb Code   106  tasks.o(i.vTaskDelayUntil)
    vTaskDelete                              0x080047f9   Thumb Code   166  tasks.o(i.vTaskDelete)
    vTaskStartScheduler                      0x080048c5   Thumb Code    74  tasks.o(i.vTaskStartScheduler)
    vTaskSuspendAll                          0x0800492d   Thumb Code    12  tasks.o(i.vTaskSuspendAll)
    vTaskSwitchContext                       0x0800493d   Thumb Code    76  tasks.o(i.vTaskSwitchContext)
    xPortStartScheduler                      0x0800499d   Thumb Code    58  port.o(i.xPortStartScheduler)
    xQueueGenericCreate                      0x080049e5   Thumb Code    56  queue.o(i.xQueueGenericCreate)
    xQueueGenericReset                       0x08004a1d   Thumb Code   122  queue.o(i.xQueueGenericReset)
    xTaskCreate                              0x08004a9d   Thumb Code    96  tasks.o(i.xTaskCreate)
    xTaskGetTickCount                        0x08004afd   Thumb Code     6  tasks.o(i.xTaskGetTickCount)
    xTaskIncrementTick                       0x08004b09   Thumb Code   238  tasks.o(i.xTaskIncrementTick)
    xTaskRemoveFromEventList                 0x08004c25   Thumb Code   104  tasks.o(i.xTaskRemoveFromEventList)
    xTaskResumeAll                           0x08004ca5   Thumb Code   196  tasks.o(i.xTaskResumeAll)
    asc2_0806                                0x08004d8c   Data         552  oled.o(.constdata)
    asc2_1206                                0x08004fb4   Data        1140  oled.o(.constdata)
    asc2_1608                                0x08005428   Data        1520  oled.o(.constdata)
    asc2_2412                                0x08005a18   Data        3420  oled.o(.constdata)
    HZK_Str                                  0x08006774   Data         101  oled.o(.constdata)
    Hzk1                                     0x080067d9   Data        1600  oled.o(.constdata)
    Hzk2                                     0x08006e19   Data        1600  oled.o(.constdata)
    Hzk3                                     0x08007459   Data        1600  oled.o(.constdata)
    BMP1                                     0x08007a99   Data        1024  oled.o(.constdata)
    Region$$Table$$Base                      0x08007f70   Number         0  anon$$obj.o(Region$$Table)
    Region$$Table$$Limit                     0x08007f90   Number         0  anon$$obj.o(Region$$Table)
    StartTask_Handler                        0x20000000   Data           4  main.o(.data)
    Hum_yuzhi                                0x20000004   Data           1  main.o(.data)
    Tem_yuzhi                                0x20000005   Data           1  main.o(.data)
    Light_yuzhi                              0x20000006   Data           1  main.o(.data)
    xSemaphore                               0x20000008   Data           4  main.o(.data)
    flag                                     0x2000000c   Data           4  main.o(.data)
    flg                                      0x20000011   Data           1  pwm.o(.data)
    fs_power                                 0x20000012   Data           1  pwm.o(.data)
    size                                     0x20000018   Data           2  adcdma.o(.data)
    DMA_Data                                 0x2000001a   Data           6  adcdma.o(.data)
    light                                    0x20000020   Data           2  adcdma.o(.data)
    vol                                      0x20000028   Data           8  adcdma.o(.data)
    flag_TXE                                 0x20000030   Data           1  esp8266.o(.data)
    tcp_num                                  0x20000031   Data           1  esp8266.o(.data)
    tcp_num_flag                             0x20000032   Data           1  esp8266.o(.data)
    current_operation_index                  0x20000038   Data           4  oledmenu.o(.data)
    func_index                               0x2000003c   Data           1  oledmenu.o(.data)
    table                                    0x20000040   Data         136  oledmenu.o(.data)
    model1                                   0x200000c8   Data          16  oledmenu.o(.data)
    model2                                   0x200000d8   Data          16  oledmenu.o(.data)
    count                                    0x200000e8   Data           1  oledmenu.o(.data)
    LED_sure_flag                            0x200000e9   Data           1  oledmenu.o(.data)
    str                                      0x200000ec   Data          16  oledmenu.o(.data)
    str_fs                                   0x200000fc   Data          20  oledmenu.o(.data)
    FS_count                                 0x20000110   Data           1  oledmenu.o(.data)
    FS_sure_flag                             0x20000111   Data           1  oledmenu.o(.data)
    esp_model                                0x20000114   Data          16  oledmenu.o(.data)
    esp_status                               0x20000124   Data           1  oledmenu.o(.data)
    esp_count                                0x20000125   Data           1  oledmenu.o(.data)
    wifi_status                              0x20000126   Data           1  oledmenu.o(.data)
    yuzhi                                    0x20000128   Data          16  oledmenu.o(.data)
    yuzhi_count                              0x20000138   Data           1  oledmenu.o(.data)
    yuzhi_state                              0x20000139   Data           1  oledmenu.o(.data)
    pxCurrentTCB                             0x2000014c   Data           4  tasks.o(.data)
    __stdout                                 0x200001a4   Data           4  stdout.o(.data)
    OLED_GRAM                                0x200001a8   Data        1152  oled.o(.bss)
    dht11_data                               0x20000628   Data          24  dht11.o(.bss)
    ringbuffer                               0x20000640   Data         140  esp8266.o(.bss)
    ringbuffer_Data                          0x200006cc   Data         140  esp8266.o(.bss)
    __initial_sp                             0x20009e40   Data           0  startup_stm32f40_41xxx.o(STACK)



==============================================================================

Memory Map of the image

  Image Entry point : 0x08000189

  Load Region LR_IROM1 (Base: 0x08000000, Size: 0x00008138, Max: 0x00080000, ABSOLUTE, COMPRESSED[0x0000805c])

    Execution Region ER_IROM1 (Exec base: 0x08000000, Load base: 0x08000000, Size: 0x00007f90, Max: 0x00080000, ABSOLUTE)

    Exec Addr    Load Addr    Size         Type   Attr      Idx    E Section Name        Object

    0x08000000   0x08000000   0x00000188   Data   RO         1525    RESET               startup_stm32f40_41xxx.o
    0x08000188   0x08000188   0x00000000   Code   RO         4196  * .ARM.Collect$$$$00000000  mc_w.l(entry.o)
    0x08000188   0x08000188   0x00000004   Code   RO         4480    .ARM.Collect$$$$00000001  mc_w.l(entry2.o)
    0x0800018c   0x0800018c   0x00000004   Code   RO         4483    .ARM.Collect$$$$00000004  mc_w.l(entry5.o)
    0x08000190   0x08000190   0x00000000   Code   RO         4485    .ARM.Collect$$$$00000008  mc_w.l(entry7b.o)
    0x08000190   0x08000190   0x00000000   Code   RO         4487    .ARM.Collect$$$$0000000A  mc_w.l(entry8b.o)
    0x08000190   0x08000190   0x00000008   Code   RO         4488    .ARM.Collect$$$$0000000B  mc_w.l(entry9a.o)
    0x08000198   0x08000198   0x00000004   Code   RO         4495    .ARM.Collect$$$$0000000E  mc_w.l(entry12b.o)
    0x0800019c   0x0800019c   0x00000000   Code   RO         4490    .ARM.Collect$$$$0000000F  mc_w.l(entry10a.o)
    0x0800019c   0x0800019c   0x00000000   Code   RO         4492    .ARM.Collect$$$$00000011  mc_w.l(entry11a.o)
    0x0800019c   0x0800019c   0x00000004   Code   RO         4481    .ARM.Collect$$$$00002712  mc_w.l(entry2.o)
    0x080001a0   0x080001a0   0x000000b6   Code   RO         4125    .emb_text           port.o
    0x08000256   0x08000256   0x00000002   PAD
    0x08000258   0x08000258   0x00000024   Code   RO         1526    .text               startup_stm32f40_41xxx.o
    0x0800027c   0x0800027c   0x00000024   Code   RO         4201    .text               mc_w.l(memseta.o)
    0x080002a0   0x080002a0   0x00000024   Code   RO         4203    .text               mc_w.l(strstr.o)
    0x080002c4   0x080002c4   0x0000000e   Code   RO         4205    .text               mc_w.l(strlen.o)
    0x080002d2   0x080002d2   0x0000001e   Code   RO         4207    .text               mc_w.l(strncmp.o)
    0x080002f0   0x080002f0   0x0000014e   Code   RO         4472    .text               mf_w.l(dadd.o)
    0x0800043e   0x0800043e   0x000000e4   Code   RO         4474    .text               mf_w.l(dmul.o)
    0x08000522   0x08000522   0x000000de   Code   RO         4476    .text               mf_w.l(ddiv.o)
    0x08000600   0x08000600   0x0000001a   Code   RO         4478    .text               mf_w.l(dfltui.o)
    0x0800061a   0x0800061a   0x0000002c   Code   RO         4497    .text               mc_w.l(uidiv.o)
    0x08000646   0x08000646   0x00000062   Code   RO         4499    .text               mc_w.l(uldiv.o)
    0x080006a8   0x080006a8   0x0000001e   Code   RO         4501    .text               mc_w.l(llshl.o)
    0x080006c6   0x080006c6   0x00000024   Code   RO         4503    .text               mc_w.l(llsshr.o)
    0x080006ea   0x080006ea   0x00000000   Code   RO         4505    .text               mc_w.l(iusefp.o)
    0x080006ea   0x080006ea   0x000000ba   Code   RO         4506    .text               mf_w.l(depilogue.o)
    0x080007a4   0x080007a4   0x00000030   Code   RO         4508    .text               mf_w.l(dfixul.o)
    0x080007d4   0x080007d4   0x00000030   Code   RO         4510    .text               mf_w.l(cdrcmple.o)
    0x08000804   0x08000804   0x00000024   Code   RO         4512    .text               mc_w.l(init.o)
    0x08000828   0x08000828   0x00000020   Code   RO         4514    .text               mc_w.l(llushr.o)
    0x08000848   0x08000848   0x00000056   Code   RO         4524    .text               mc_w.l(__dczerorl2.o)
    0x0800089e   0x0800089e   0x00000016   Code   RO         3013    i.ADC_Cmd           stm32f4xx_adc.o
    0x080008b4   0x080008b4   0x00000030   Code   RO         3014    i.ADC_CommonInit    stm32f4xx_adc.o
    0x080008e4   0x080008e4   0x0000000c   Code   RO         3015    i.ADC_CommonStructInit  stm32f4xx_adc.o
    0x080008f0   0x080008f0   0x00000016   Code   RO         3017    i.ADC_DMACmd        stm32f4xx_adc.o
    0x08000906   0x08000906   0x00000016   Code   RO         3018    i.ADC_DMARequestAfterLastTransferCmd  stm32f4xx_adc.o
    0x0800091c   0x0800091c   0x0000011c   Code   RO          698    i.ADC_DMA_Init      adcdma.o
    0x08000a38   0x08000a38   0x00000054   Code   RO         3033    i.ADC_Init          stm32f4xx_adc.o
    0x08000a8c   0x08000a8c   0x00000024   Code   RO          646    i.ADC_Light_Init    light.o
    0x08000ab0   0x08000ab0   0x000000b8   Code   RO         3038    i.ADC_RegularChannelConfig  stm32f4xx_adc.o
    0x08000b68   0x08000b68   0x0000000a   Code   RO         3040    i.ADC_SoftwareStartConv  stm32f4xx_adc.o
    0x08000b72   0x08000b72   0x00000014   Code   RO         3042    i.ADC_StructInit    stm32f4xx_adc.o
    0x08000b86   0x08000b86   0x00000002   PAD
    0x08000b88   0x08000b88   0x00000080   Code   RO          620    i.ADCx_Init         adc.o
    0x08000c08   0x08000c08   0x0000003c   Code   RO          434    i.BEEP_Init         beep.o
    0x08000c44   0x08000c44   0x00000004   Code   RO          286    i.BusFault_Handler  stm32f4xx_it.o
    0x08000c48   0x08000c48   0x00000024   Code   RO         1135    i.DATA_Model        dht11.o
    0x08000c6c   0x08000c6c   0x00000054   Code   RO         1136    i.DHT11_Check       dht11.o
    0x08000cc0   0x08000cc0   0x00000034   Code   RO         1137    i.DHT11_Init        dht11.o
    0x08000cf4   0x08000cf4   0x0000006c   Code   RO         1138    i.DHT11_Read_Bit    dht11.o
    0x08000d60   0x08000d60   0x0000002c   Code   RO         1139    i.DHT11_Start       dht11.o
    0x08000d8c   0x08000d8c   0x0000001c   Code   RO         1141    i.DHT_ReadByte      dht11.o
    0x08000da8   0x08000da8   0x000000e4   Code   RO         1142    i.DHT_ReadData      dht11.o
    0x08000e8c   0x08000e8c   0x00000016   Code   RO         3251    i.DMA_Cmd           stm32f4xx_dma.o
    0x08000ea2   0x08000ea2   0x00000002   PAD
    0x08000ea4   0x08000ea4   0x00000058   Code   RO         3263    i.DMA_Init          stm32f4xx_dma.o
    0x08000efc   0x08000efc   0x00000068   Code   RO          699    i.DMA_Value         adcdma.o
    0x08000f64   0x08000f64   0x00000002   Code   RO          287    i.DebugMon_Handler  stm32f4xx_it.o
    0x08000f66   0x08000f66   0x00000002   PAD
    0x08000f68   0x08000f68   0x00000018   Code   RO         1203    i.ESP8266_Close     esp8266.o
    0x08000f80   0x08000f80   0x00000074   Code   RO         1205    i.ESP8266_MODEL2_Init  esp8266.o
    0x08000ff4   0x08000ff4   0x00000014   Code   RO          482    i.EXTI15_10_IRQHandler  exti.o
    0x08001008   0x08001008   0x0000000c   Code   RO         2140    i.EXTI_ClearITPendingBit  stm32f4xx_exti.o
    0x08001014   0x08001014   0x00000018   Code   RO         2144    i.EXTI_GetITStatus  stm32f4xx_exti.o
    0x0800102c   0x0800102c   0x00000094   Code   RO         2145    i.EXTI_Init         stm32f4xx_exti.o
    0x080010c0   0x080010c0   0x00000078   Code   RO          483    i.EXTI_KEY_Init     exti.o
    0x08001138   0x08001138   0x00000032   Code   RO         1041    i.Earse_Section     w25q.o
    0x0800116a   0x0800116a   0x00000002   PAD
    0x0800116c   0x0800116c   0x0000004c   Code   RO          566    i.FS_Controller     pwm.o
    0x080011b8   0x080011b8   0x00000090   Code   RO         1708    i.GPIO_Init         stm32f4xx_gpio.o
    0x08001248   0x08001248   0x00000046   Code   RO         1709    i.GPIO_PinAFConfig  stm32f4xx_gpio.o
    0x0800128e   0x0800128e   0x00000004   Code   RO         1715    i.GPIO_ResetBits    stm32f4xx_gpio.o
    0x08001292   0x08001292   0x00000004   Code   RO         1716    i.GPIO_SetBits      stm32f4xx_gpio.o
    0x08001296   0x08001296   0x00000002   PAD
    0x08001298   0x08001298   0x00000038   Code   RO          843    i.GetChinese        oled.o
    0x080012d0   0x080012d0   0x00000004   Code   RO          288    i.HardFault_Handler  stm32f4xx_it.o
    0x080012d4   0x080012d4   0x0000002c   Code   RO          731    i.IIC_ACK           iic.o
    0x08001300   0x08001300   0x0000000e   Code   RO          732    i.IIC_Delay         iic.o
    0x0800130e   0x0800130e   0x00000002   PAD
    0x08001310   0x08001310   0x00000040   Code   RO          736    i.IIC_SendByte      iic.o
    0x08001350   0x08001350   0x00000030   Code   RO          738    i.IIC_Start         iic.o
    0x08001380   0x08001380   0x0000002c   Code   RO          739    i.IIC_Stop          iic.o
    0x080013ac   0x080013ac   0x00000048   Code   RO          454    i.KEY_Init          key.o
    0x080013f4   0x080013f4   0x00000090   Code   RO          455    i.KEY_Scan          key.o
    0x08001484   0x08001484   0x00000040   Code   RO          376    i.LED_Init          led.o
    0x080014c4   0x080014c4   0x00000060   Code   RO          567    i.LED_Toggri        pwm.o
    0x08001524   0x08001524   0x00000004   Code   RO          289    i.MemManage_Handler  stm32f4xx_it.o
    0x08001528   0x08001528   0x00000038   Code   RO          740    i.MyIIC_Init        iic.o
    0x08001560   0x08001560   0x00000002   Code   RO          290    i.NMI_Handler       stm32f4xx_it.o
    0x08001562   0x08001562   0x00000002   PAD
    0x08001564   0x08001564   0x00000078   Code   RO         1532    i.NVIC_Init         misc.o
    0x080015dc   0x080015dc   0x00000014   Code   RO         1533    i.NVIC_PriorityGroupConfig  misc.o
    0x080015f0   0x080015f0   0x00000028   Code   RO          844    i.OLED_Clear        oled.o
    0x08001618   0x08001618   0x000000a8   Code   RO          849    i.OLED_DrawCircle   oled.o
    0x080016c0   0x080016c0   0x00000078   Code   RO          851    i.OLED_DrawPoint    oled.o
    0x08001738   0x08001738   0x000000e8   Code   RO          852    i.OLED_Init         oled.o
    0x08001820   0x08001820   0x00000016   Code   RO          853    i.OLED_Pow          oled.o
    0x08001836   0x08001836   0x00000002   PAD
    0x08001838   0x08001838   0x00000068   Code   RO          854    i.OLED_Refresh      oled.o
    0x080018a0   0x080018a0   0x0000006c   Code   RO         1386    i.OLED_Running_Page1  oledmenu.o
    0x0800190c   0x0800190c   0x0000013c   Code   RO          856    i.OLED_ShowChar     oled.o
    0x08001a48   0x08001a48   0x000000ec   Code   RO          857    i.OLED_ShowChinese  oled.o
    0x08001b34   0x08001b34   0x0000004e   Code   RO          858    i.OLED_ShowChineseString  oled.o
    0x08001b82   0x08001b82   0x0000008c   Code   RO          859    i.OLED_ShowNum      oled.o
    0x08001c0e   0x08001c0e   0x000000de   Code   RO          860    i.OLED_ShowPicture  oled.o
    0x08001cec   0x08001cec   0x0000004a   Code   RO          861    i.OLED_ShowString   oled.o
    0x08001d36   0x08001d36   0x00000038   Code   RO          862    i.OLED_WR_Byte      oled.o
    0x08001d6e   0x08001d6e   0x00000002   PAD
    0x08001d70   0x08001d70   0x00000098   Code   RO          568    i.PWM_Fs_Init       pwm.o
    0x08001e08   0x08001e08   0x000000a4   Code   RO          569    i.PWM_Init          pwm.o
    0x08001eac   0x08001eac   0x0000004a   Code   RO         1042    i.Program_Page      w25q.o
    0x08001ef6   0x08001ef6   0x00000002   PAD
    0x08001ef8   0x08001ef8   0x00000020   Code   RO         1805    i.RCC_AHB1PeriphClockCmd  stm32f4xx_rcc.o
    0x08001f18   0x08001f18   0x00000020   Code   RO         1814    i.RCC_APB1PeriphClockCmd  stm32f4xx_rcc.o
    0x08001f38   0x08001f38   0x00000020   Code   RO         1817    i.RCC_APB2PeriphClockCmd  stm32f4xx_rcc.o
    0x08001f58   0x08001f58   0x000000e8   Code   RO         1826    i.RCC_GetClocksFreq  stm32f4xx_rcc.o
    0x08002040   0x08002040   0x00000044   Code   RO         1043    i.Read_Data         w25q.o
    0x08002084   0x08002084   0x0000001e   Code   RO         1336    i.RingBuffer_GetLength  ringbuffer.o
    0x080020a2   0x080020a2   0x0000001a   Code   RO         1337    i.RingBuffer_Init   ringbuffer.o
    0x080020bc   0x080020bc   0x0000002e   Code   RO         1338    i.RingBuffer_Read_Byte  ringbuffer.o
    0x080020ea   0x080020ea   0x00000002   PAD
    0x080020ec   0x080020ec   0x00000054   Code   RO         1339    i.RingBuffer_Read_Data  ringbuffer.o
    0x08002140   0x08002140   0x00000042   Code   RO         1340    i.RingBuffer_Write_Byte  ringbuffer.o
    0x08002182   0x08002182   0x00000002   PAD
    0x08002184   0x08002184   0x00000050   Code   RO          997    i.SPI_SendByte      spi.o
    0x080021d4   0x080021d4   0x00000064   Code   RO          999    i.SPI_SoftWare_AF_Init  spi.o
    0x08002238   0x08002238   0x0000000c   Code   RO         1000    i.SPI_Start         spi.o
    0x08002244   0x08002244   0x0000000c   Code   RO         1001    i.SPI_Stop          spi.o
    0x08002250   0x08002250   0x00000040   Code   RO         2392    i.SYSCFG_EXTILineConfig  stm32f4xx_syscfg.o
    0x08002290   0x08002290   0x000000ec   Code   RO          339    i.SetSysClock       system_stm32f4xx.o
    0x0800237c   0x0800237c   0x00000034   Code   RO         4126    i.SysTick_Handler   port.o
    0x080023b0   0x080023b0   0x00000068   Code   RO          341    i.SystemInit        system_stm32f4xx.o
    0x08002418   0x08002418   0x0000004c   Code   RO         1207    i.TCP_SendData      esp8266.o
    0x08002464   0x08002464   0x00000018   Code   RO          540    i.TIM2_IRQHandler   timer.o
    0x0800247c   0x0800247c   0x0000003c   Code   RO         1304    i.TIM7_Init         delay.o
    0x080024b8   0x080024b8   0x00000072   Code   RO          541    i.TIMER_Init        timer.o
    0x0800252a   0x0800252a   0x00000006   Code   RO         2455    i.TIM_ClearFlag     stm32f4xx_tim.o
    0x08002530   0x08002530   0x00000006   Code   RO         2456    i.TIM_ClearITPendingBit  stm32f4xx_tim.o
    0x08002536   0x08002536   0x00000018   Code   RO         2461    i.TIM_Cmd           stm32f4xx_tim.o
    0x0800254e   0x0800254e   0x0000001e   Code   RO         2463    i.TIM_CtrlPWMOutputs  stm32f4xx_tim.o
    0x0800256c   0x0800256c   0x00000022   Code   RO         2482    i.TIM_GetITStatus   stm32f4xx_tim.o
    0x0800258e   0x0800258e   0x00000012   Code   RO         2486    i.TIM_ITConfig      stm32f4xx_tim.o
    0x080025a0   0x080025a0   0x0000000c   Code   RO         2488    i.TIM_InternalClockConfig  stm32f4xx_tim.o
    0x080025ac   0x080025ac   0x0000007c   Code   RO         2490    i.TIM_OC1Init       stm32f4xx_tim.o
    0x08002628   0x08002628   0x000000a4   Code   RO         2495    i.TIM_OC2Init       stm32f4xx_tim.o
    0x080026cc   0x080026cc   0x00000004   Code   RO         2523    i.TIM_SetCompare1   stm32f4xx_tim.o
    0x080026d0   0x080026d0   0x00000004   Code   RO         2524    i.TIM_SetCompare2   stm32f4xx_tim.o
    0x080026d4   0x080026d4   0x00000084   Code   RO         2533    i.TIM_TimeBaseInit  stm32f4xx_tim.o
    0x08002758   0x08002758   0x00000120   Code   RO            3    i.TaskHandle_KEY_Scan  main.o
    0x08002878   0x08002878   0x00000030   Code   RO            4    i.TaskHandle_OLED   main.o
    0x080028a8   0x080028a8   0x000000c0   Code   RO            5    i.TaskHandle_START  main.o
    0x08002968   0x08002968   0x00000038   Code   RO            6    i.TaskHandle_SensorData  main.o
    0x080029a0   0x080029a0   0x00000128   Code   RO            7    i.TaskHandle_WIFI   main.o
    0x08002ac8   0x08002ac8   0x00000034   Code   RO          508    i.USART1_IRQHandler  usart1.o
    0x08002afc   0x08002afc   0x000000a0   Code   RO          509    i.USART1_Init       usart1.o
    0x08002b9c   0x08002b9c   0x000000dc   Code   RO         1208    i.USART2_IRQHandler  esp8266.o
    0x08002c78   0x08002c78   0x000000b4   Code   RO         1209    i.USART2_Init       esp8266.o
    0x08002d2c   0x08002d2c   0x0000002c   Code   RO         1210    i.USART2_SendData   esp8266.o
    0x08002d58   0x08002d58   0x0000001e   Code   RO         2202    i.USART_ClearITPendingBit  stm32f4xx_usart.o
    0x08002d76   0x08002d76   0x00000018   Code   RO         2205    i.USART_Cmd         stm32f4xx_usart.o
    0x08002d8e   0x08002d8e   0x00000054   Code   RO         2209    i.USART_GetITStatus  stm32f4xx_usart.o
    0x08002de2   0x08002de2   0x0000004a   Code   RO         2211    i.USART_ITConfig    stm32f4xx_usart.o
    0x08002e2c   0x08002e2c   0x000000d4   Code   RO         2212    i.USART_Init        stm32f4xx_usart.o
    0x08002f00   0x08002f00   0x0000000a   Code   RO         2219    i.USART_ReceiveData  stm32f4xx_usart.o
    0x08002f0a   0x08002f0a   0x00000008   Code   RO         2222    i.USART_SendData    stm32f4xx_usart.o
    0x08002f12   0x08002f12   0x00000004   Code   RO          291    i.UsageFault_Handler  stm32f4xx_it.o
    0x08002f16   0x08002f16   0x00000008   Code   RO         1044    i.W25Q_Init         w25q.o
    0x08002f1e   0x08002f1e   0x0000001e   Code   RO         1211    i.WIFI_SendData     esp8266.o
    0x08002f3c   0x08002f3c   0x0000001c   Code   RO         1046    i.Wait_BusyStatus   w25q.o
    0x08002f58   0x08002f58   0x00000030   Code   RO         1212    i.Wait_OK           esp8266.o
    0x08002f88   0x08002f88   0x00000030   Code   RO         1213    i.Wait_SEND_OK      esp8266.o
    0x08002fb8   0x08002fb8   0x00000012   Code   RO         1047    i.Write_Enable      w25q.o
    0x08002fca   0x08002fca   0x00000002   PAD
    0x08002fcc   0x08002fcc   0x00000020   Code   RO         4444    i.__0printf         mc_w.l(printfa.o)
    0x08002fec   0x08002fec   0x00000028   Code   RO         4446    i.__0sprintf        mc_w.l(printfa.o)
    0x08003014   0x08003014   0x0000000e   Code   RO         4518    i.__scatterload_copy  mc_w.l(handlers.o)
    0x08003022   0x08003022   0x00000002   Code   RO         4519    i.__scatterload_null  mc_w.l(handlers.o)
    0x08003024   0x08003024   0x0000000e   Code   RO         4520    i.__scatterload_zeroinit  mc_w.l(handlers.o)
    0x08003032   0x08003032   0x00000002   PAD
    0x08003034   0x08003034   0x00000184   Code   RO         4451    i._fp_digits        mc_w.l(printfa.o)
    0x080031b8   0x080031b8   0x000006b4   Code   RO         4452    i._printf_core      mc_w.l(printfa.o)
    0x0800386c   0x0800386c   0x00000024   Code   RO         4453    i._printf_post_padding  mc_w.l(printfa.o)
    0x08003890   0x08003890   0x0000002e   Code   RO         4454    i._printf_pre_padding  mc_w.l(printfa.o)
    0x080038be   0x080038be   0x0000000a   Code   RO         4456    i._sputc            mc_w.l(printfa.o)
    0x080038c8   0x080038c8   0x00000018   Code   RO         1305    i.delay_ms          delay.o
    0x080038e0   0x080038e0   0x00000034   Code   RO         1306    i.delay_us          delay.o
    0x08003914   0x08003914   0x0000001c   Code   RO          510    i.fputc             usart1.o
    0x08003930   0x08003930   0x00000044   Code   RO         1387    i.fun0              oledmenu.o
    0x08003974   0x08003974   0x0000000a   Code   RO         1388    i.fun1              oledmenu.o
    0x0800397e   0x0800397e   0x00000002   PAD
    0x08003980   0x08003980   0x000000e4   Code   RO         1389    i.fun10             oledmenu.o
    0x08003a64   0x08003a64   0x00000118   Code   RO         1390    i.fun11             oledmenu.o
    0x08003b7c   0x08003b7c   0x000000cc   Code   RO         1391    i.fun12             oledmenu.o
    0x08003c48   0x08003c48   0x00000158   Code   RO         1392    i.fun13             oledmenu.o
    0x08003da0   0x08003da0   0x000000e4   Code   RO         1393    i.fun14             oledmenu.o
    0x08003e84   0x08003e84   0x00000002   Code   RO         1394    i.fun15             oledmenu.o
    0x08003e86   0x08003e86   0x00000002   Code   RO         1395    i.fun16             oledmenu.o
    0x08003e88   0x08003e88   0x0000000a   Code   RO         1396    i.fun2              oledmenu.o
    0x08003e92   0x08003e92   0x0000000a   Code   RO         1397    i.fun3              oledmenu.o
    0x08003e9c   0x08003e9c   0x0000000a   Code   RO         1398    i.fun4              oledmenu.o
    0x08003ea6   0x08003ea6   0x0000000a   Code   RO         1399    i.fun5              oledmenu.o
    0x08003eb0   0x08003eb0   0x0000000a   Code   RO         1400    i.fun6              oledmenu.o
    0x08003eba   0x08003eba   0x0000000a   Code   RO         1401    i.fun7              oledmenu.o
    0x08003ec4   0x08003ec4   0x0000000a   Code   RO         1402    i.fun8              oledmenu.o
    0x08003ece   0x08003ece   0x00000002   PAD
    0x08003ed0   0x08003ed0   0x00000134   Code   RO         1403    i.fun9              oledmenu.o
    0x08004004   0x08004004   0x000000f0   Code   RO            8    i.main              main.o
    0x080040f4   0x080040f4   0x00000098   Code   RO         3797    i.prvAddCurrentTaskToDelayedList  tasks.o
    0x0800418c   0x0800418c   0x000000b4   Code   RO         3798    i.prvAddNewTaskToReadyList  tasks.o
    0x08004240   0x08004240   0x00000064   Code   RO         3799    i.prvCheckTasksWaitingTermination  tasks.o
    0x080042a4   0x080042a4   0x00000012   Code   RO         3800    i.prvDeleteTCB      tasks.o
    0x080042b6   0x080042b6   0x00000002   PAD
    0x080042b8   0x080042b8   0x0000007c   Code   RO         4076    i.prvHeapInit       heap_4.o
    0x08004334   0x08004334   0x00000028   Code   RO         3801    i.prvIdleTask       tasks.o
    0x0800435c   0x0800435c   0x00000026   Code   RO         3678    i.prvInitialiseNewQueue  queue.o
    0x08004382   0x08004382   0x00000080   Code   RO         3802    i.prvInitialiseNewTask  tasks.o
    0x08004402   0x08004402   0x00000002   PAD
    0x08004404   0x08004404   0x00000068   Code   RO         3803    i.prvInitialiseTaskLists  tasks.o
    0x0800446c   0x0800446c   0x00000068   Code   RO         4077    i.prvInsertBlockIntoFreeList  heap_4.o
    0x080044d4   0x080044d4   0x00000034   Code   RO         3804    i.prvResetNextTaskUnblockTime  tasks.o
    0x08004508   0x08004508   0x00000016   Code   RO         4127    i.prvTaskExitError  port.o
    0x0800451e   0x0800451e   0x00000002   PAD
    0x08004520   0x08004520   0x000000d0   Code   RO         4078    i.pvPortMalloc      heap_4.o
    0x080045f0   0x080045f0   0x0000002c   Code   RO         4128    i.pxPortInitialiseStack  port.o
    0x0800461c   0x0800461c   0x00000028   Code   RO         3640    i.uxListRemove      list.o
    0x08004644   0x08004644   0x0000001a   Code   RO         3641    i.vListInitialise   list.o
    0x0800465e   0x0800465e   0x00000006   Code   RO         3642    i.vListInitialiseItem  list.o
    0x08004664   0x08004664   0x00000034   Code   RO         3643    i.vListInsert       list.o
    0x08004698   0x08004698   0x00000018   Code   RO         3644    i.vListInsertEnd    list.o
    0x080046b0   0x080046b0   0x00000024   Code   RO         4130    i.vPortEnterCritical  port.o
    0x080046d4   0x080046d4   0x00000020   Code   RO         4131    i.vPortExitCritical  port.o
    0x080046f4   0x080046f4   0x00000048   Code   RO         4079    i.vPortFree         heap_4.o
    0x0800473c   0x0800473c   0x00000014   Code   RO         4132    i.vPortSetupTimerInterrupt  port.o
    0x08004750   0x08004750   0x00000034   Code   RO         3811    i.vTaskDelay        tasks.o
    0x08004784   0x08004784   0x00000074   Code   RO         3812    i.vTaskDelayUntil   tasks.o
    0x080047f8   0x080047f8   0x000000cc   Code   RO         3813    i.vTaskDelete       tasks.o
    0x080048c4   0x080048c4   0x00000068   Code   RO         3822    i.vTaskStartScheduler  tasks.o
    0x0800492c   0x0800492c   0x00000010   Code   RO         3824    i.vTaskSuspendAll   tasks.o
    0x0800493c   0x0800493c   0x00000060   Code   RO         3825    i.vTaskSwitchContext  tasks.o
    0x0800499c   0x0800499c   0x00000048   Code   RO         4133    i.xPortStartScheduler  port.o
    0x080049e4   0x080049e4   0x00000038   Code   RO         3686    i.xQueueGenericCreate  queue.o
    0x08004a1c   0x08004a1c   0x00000080   Code   RO         3688    i.xQueueGenericReset  queue.o
    0x08004a9c   0x08004a9c   0x00000060   Code   RO         3827    i.xTaskCreate       tasks.o
    0x08004afc   0x08004afc   0x0000000c   Code   RO         3830    i.xTaskGetTickCount  tasks.o
    0x08004b08   0x08004b08   0x0000011c   Code   RO         3832    i.xTaskIncrementTick  tasks.o
    0x08004c24   0x08004c24   0x00000080   Code   RO         3835    i.xTaskRemoveFromEventList  tasks.o
    0x08004ca4   0x08004ca4   0x000000e8   Code   RO         3837    i.xTaskResumeAll    tasks.o
    0x08004d8c   0x08004d8c   0x0000310d   Data   RO          864    .constdata          oled.o
    0x08007e99   0x08007e99   0x00000003   PAD
    0x08007e9c   0x08007e9c   0x000000d1   Data   RO         1404    .conststring        oledmenu.o
    0x08007f6d   0x08007f6d   0x00000003   PAD
    0x08007f70   0x08007f70   0x00000020   Data   RO         4516    Region$$Table       anon$$obj.o


    Execution Region RW_IRAM2 (Exec base: 0x10000000, Load base: 0x0800805c, Size: 0x00000000, Max: 0x00010000, ABSOLUTE)

    **** No section assigned to this execution region ****


    Execution Region RW_IRAM1 (Exec base: 0x20000000, Load base: 0x08007f90, Size: 0x00009e40, Max: 0x00020000, ABSOLUTE, COMPRESSED[0x000000cc])

    Exec Addr    Load Addr    Size         Type   Attr      Idx    E Section Name        Object

    0x20000000   COMPRESSED   0x00000010   Data   RW            9    .data               main.o
    0x20000010   COMPRESSED   0x00000001   Data   RW          456    .data               key.o
    0x20000011   COMPRESSED   0x00000002   Data   RW          570    .data               pwm.o
    0x20000013   COMPRESSED   0x00000005   PAD
    0x20000018   COMPRESSED   0x00000018   Data   RW          700    .data               adcdma.o
    0x20000030   COMPRESSED   0x00000005   Data   RW         1215    .data               esp8266.o
    0x20000035   COMPRESSED   0x00000003   PAD
    0x20000038   COMPRESSED   0x00000102   Data   RW         1405    .data               oledmenu.o
    0x2000013a   COMPRESSED   0x00000010   Data   RW         1858    .data               stm32f4xx_rcc.o
    0x2000014a   COMPRESSED   0x00000002   PAD
    0x2000014c   COMPRESSED   0x0000003c   Data   RW         3840    .data               tasks.o
    0x20000188   COMPRESSED   0x00000018   Data   RW         4084    .data               heap_4.o
    0x200001a0   COMPRESSED   0x00000004   Data   RW         4134    .data               port.o
    0x200001a4   COMPRESSED   0x00000004   Data   RW         4496    .data               mc_w.l(stdout.o)
    0x200001a8        -       0x00000480   Zero   RW          863    .bss                oled.o
    0x20000628        -       0x00000018   Zero   RW         1143    .bss                dht11.o
    0x20000640        -       0x00000118   Zero   RW         1214    .bss                esp8266.o
    0x20000758        -       0x000002e4   Zero   RW         3839    .bss                tasks.o
    0x20000a3c        -       0x00009000   Zero   RW         4083    .bss                heap_4.o
    0x20009a3c   COMPRESSED   0x00000004   PAD
    0x20009a40        -       0x00000400   Zero   RW         1523    STACK               startup_stm32f40_41xxx.o


==============================================================================

Image component sizes


      Code (inc. data)   RO Data    RW Data    ZI Data      Debug   Object Name

       128         16          0          0          0       1032   adc.o
       388         52          0         24          0       2037   adcdma.o
        60          6          0          0          0        556   beep.o
       136         10          0          0          0       1750   delay.o
       580         36          0          0         24       5666   dht11.o
       786        190          0          5        280       7325   esp8266.o
         0          0          0          0          0       5072   event_groups.o
       140          4          0          0          0       1215   exti.o
       508         62          0         24      36864       3987   heap_4.o
       270         42          0          0          0       3281   iic.o
       216         22          0          1          0       1238   key.o
        64          4          0          0          0     246003   led.o
        36          6          0          0          0        557   light.o
       148          0          0          0          0       3358   list.o
      1120        280          0         16          0     312548   main.o
       140         24          0          0          0       1599   misc.o
      1864         46      12557          0       1152      14022   oled.o
      1852        258        209        258          0      12767   oledmenu.o
       460         58          0          4          0       9572   port.o
       488         40          0          2          0       2909   pwm.o
       222          6          0          0          0       3775   queue.o
       252         28          0          0          0       3859   ringbuffer.o
       204         32          0          0          0       2249   spi.o
        36          8        392          0       1024        860   startup_stm32f40_41xxx.o
       424         24          0          0          0       6815   stm32f4xx_adc.o
       110          6          0          0          0       2429   stm32f4xx_dma.o
       184         16          0          0          0       2180   stm32f4xx_exti.o
       222          0          0          0          0       2987   stm32f4xx_gpio.o
        20          0          0          0          0       2861   stm32f4xx_it.o
       328         36          0         16          0       4751   stm32f4xx_rcc.o
        64          4          0          0          0        676   stm32f4xx_syscfg.o
       558         48          0          0          0       8201   stm32f4xx_tim.o
       442          8          0          0          0       5661   stm32f4xx_usart.o
       340         32          0          0          0       1541   system_stm32f4xx.o
      2114        344          0         60        740      25040   tasks.o
       138          0          0          0          0       1159   timer.o
       240         22          0          0          0       1870   usart1.o
       246          0          0          0          0       4040   w25q.o

    ----------------------------------------------------------------------
     15566       1770      13196        420      40088     717448   Object Totals
         0          0         32          0          0          0   (incl. Generated)
        38          0          6         10          4          0   (incl. Padding)

    ----------------------------------------------------------------------

      Code (inc. data)   RO Data    RW Data    ZI Data      Debug   Library Member Name

        86          0          0          0          0          0   __dczerorl2.o
         0          0          0          0          0          0   entry.o
         0          0          0          0          0          0   entry10a.o
         0          0          0          0          0          0   entry11a.o
         4          0          0          0          0          0   entry12b.o
         8          4          0          0          0          0   entry2.o
         4          0          0          0          0          0   entry5.o
         0          0          0          0          0          0   entry7b.o
         0          0          0          0          0          0   entry8b.o
         8          4          0          0          0          0   entry9a.o
        30          0          0          0          0          0   handlers.o
        36          8          0          0          0         68   init.o
         0          0          0          0          0          0   iusefp.o
        30          0          0          0          0         68   llshl.o
        36          0          0          0          0         68   llsshr.o
        32          0          0          0          0         68   llushr.o
        36          0          0          0          0        108   memseta.o
      2268         96          0          0          0        616   printfa.o
         0          0          0          4          0          0   stdout.o
        14          0          0          0          0         68   strlen.o
        30          0          0          0          0         80   strncmp.o
        36          0          0          0          0         80   strstr.o
        44          0          0          0          0         80   uidiv.o
        98          0          0          0          0         92   uldiv.o
        48          0          0          0          0         68   cdrcmple.o
       334          0          0          0          0        148   dadd.o
       222          0          0          0          0        100   ddiv.o
       186          0          0          0          0        176   depilogue.o
        48          0          0          0          0         68   dfixul.o
        26          0          0          0          0         76   dfltui.o
       228          0          0          0          0         96   dmul.o

    ----------------------------------------------------------------------
      3894        112          0          4          0       2128   Library Totals
         2          0          0          0          0          0   (incl. Padding)

    ----------------------------------------------------------------------

      Code (inc. data)   RO Data    RW Data    ZI Data      Debug   Library Name

      2800        112          0          4          0       1396   mc_w.l
      1092          0          0          0          0        732   mf_w.l

    ----------------------------------------------------------------------
      3894        112          0          4          0       2128   Library Totals

    ----------------------------------------------------------------------

==============================================================================


      Code (inc. data)   RO Data    RW Data    ZI Data      Debug   

     19460       1882      13196        424      40088     700468   Grand Totals
     19460       1882      13196        204      40088     700468   ELF Image Totals (compressed)
     19460       1882      13196        204          0          0   ROM Totals

==============================================================================

    Total RO  Size (Code + RO Data)                32656 (  31.89kB)
    Total RW  Size (RW Data + ZI Data)             40512 (  39.56kB)
    Total ROM Size (Code + RO Data + RW Data)      32860 (  32.09kB)

==============================================================================

